Archive member included to satisfy reference by file (symbol)

f:/program files/truestudio for arm 5.5.2/armtools/bin/../lib/gcc/arm-atollic-eabi/5.3.1/../../../../arm-atollic-eabi/lib/armv7-m\libc.a(lib_a-init.o)
                              Drivers\CMSIS\Device\ST\STM32F1xx\Source\Templates\gcc\startup_stm32f103xb.o (__libc_init_array)

Allocating common symbols
Common symbol       size              file

huart3              0x40              Src\main.o
x_text              0x32              Src\main.o
pFlash              0x20              Drivers\STM32F1xx_HAL_Driver\Src\stm32f1xx_hal_flash.o
huart1              0x40              Src\main.o
ch                  0x1               Src\main.o

Discarded input sections

 .text          0x00000000        0x0 f:/program files/truestudio for arm 5.5.2/armtools/bin/../lib/gcc/arm-atollic-eabi/5.3.1/armv7-m/crti.o
 .data          0x00000000        0x0 f:/program files/truestudio for arm 5.5.2/armtools/bin/../lib/gcc/arm-atollic-eabi/5.3.1/armv7-m/crti.o
 .bss           0x00000000        0x0 f:/program files/truestudio for arm 5.5.2/armtools/bin/../lib/gcc/arm-atollic-eabi/5.3.1/armv7-m/crti.o
 .data          0x00000000        0x4 f:/program files/truestudio for arm 5.5.2/armtools/bin/../lib/gcc/arm-atollic-eabi/5.3.1/armv7-m/crtbegin.o
 .text          0x00000000        0x0 Src\stm32f1xx_it.o
 .data          0x00000000        0x0 Src\stm32f1xx_it.o
 .bss           0x00000000        0x0 Src\stm32f1xx_it.o
 .text          0x00000000        0x0 Src\stm32f1xx_hal_msp.o
 .data          0x00000000        0x0 Src\stm32f1xx_hal_msp.o
 .bss           0x00000000        0x0 Src\stm32f1xx_hal_msp.o
 .text.HAL_UART_MspDeInit
                0x00000000       0x68 Src\stm32f1xx_hal_msp.o
 .text          0x00000000        0x0 Src\main.o
 .data          0x00000000        0x0 Src\main.o
 .bss           0x00000000        0x0 Src\main.o
 .text          0x00000000        0x0 Drivers\STM32F1xx_HAL_Driver\Src\stm32f1xx_hal_uart.o
 .data          0x00000000        0x0 Drivers\STM32F1xx_HAL_Driver\Src\stm32f1xx_hal_uart.o
 .bss           0x00000000        0x0 Drivers\STM32F1xx_HAL_Driver\Src\stm32f1xx_hal_uart.o
 .text.HAL_HalfDuplex_Init
                0x00000000       0xa4 Drivers\STM32F1xx_HAL_Driver\Src\stm32f1xx_hal_uart.o
 .text.HAL_LIN_Init
                0x00000000       0xb8 Drivers\STM32F1xx_HAL_Driver\Src\stm32f1xx_hal_uart.o
 .text.HAL_MultiProcessor_Init
                0x00000000       0xc0 Drivers\STM32F1xx_HAL_Driver\Src\stm32f1xx_hal_uart.o
 .text.HAL_UART_DeInit
                0x00000000       0x68 Drivers\STM32F1xx_HAL_Driver\Src\stm32f1xx_hal_uart.o
 .text.HAL_UART_MspInit
                0x00000000       0x14 Drivers\STM32F1xx_HAL_Driver\Src\stm32f1xx_hal_uart.o
 .text.HAL_UART_MspDeInit
                0x00000000       0x14 Drivers\STM32F1xx_HAL_Driver\Src\stm32f1xx_hal_uart.o
 .text.HAL_UART_Receive
                0x00000000      0x170 Drivers\STM32F1xx_HAL_Driver\Src\stm32f1xx_hal_uart.o
 .text.HAL_UART_Transmit_IT
                0x00000000       0xac Drivers\STM32F1xx_HAL_Driver\Src\stm32f1xx_hal_uart.o
 .text.HAL_UART_Receive_IT
                0x00000000       0xcc Drivers\STM32F1xx_HAL_Driver\Src\stm32f1xx_hal_uart.o
 .text.HAL_UART_Transmit_DMA
                0x00000000       0xf4 Drivers\STM32F1xx_HAL_Driver\Src\stm32f1xx_hal_uart.o
 .text.HAL_UART_Receive_DMA
                0x00000000       0xe4 Drivers\STM32F1xx_HAL_Driver\Src\stm32f1xx_hal_uart.o
 .text.HAL_UART_DMAPause
                0x00000000       0x98 Drivers\STM32F1xx_HAL_Driver\Src\stm32f1xx_hal_uart.o
 .text.HAL_UART_DMAResume
                0x00000000       0xbc Drivers\STM32F1xx_HAL_Driver\Src\stm32f1xx_hal_uart.o
 .text.HAL_UART_DMAStop
                0x00000000       0x50 Drivers\STM32F1xx_HAL_Driver\Src\stm32f1xx_hal_uart.o
 .text.HAL_UART_IRQHandler
                0x00000000      0x1ac Drivers\STM32F1xx_HAL_Driver\Src\stm32f1xx_hal_uart.o
 .text.HAL_UART_TxCpltCallback
                0x00000000       0x14 Drivers\STM32F1xx_HAL_Driver\Src\stm32f1xx_hal_uart.o
 .text.HAL_UART_TxHalfCpltCallback
                0x00000000       0x14 Drivers\STM32F1xx_HAL_Driver\Src\stm32f1xx_hal_uart.o
 .text.HAL_UART_RxCpltCallback
                0x00000000       0x14 Drivers\STM32F1xx_HAL_Driver\Src\stm32f1xx_hal_uart.o
 .text.HAL_UART_RxHalfCpltCallback
                0x00000000       0x14 Drivers\STM32F1xx_HAL_Driver\Src\stm32f1xx_hal_uart.o
 .text.HAL_UART_ErrorCallback
                0x00000000       0x14 Drivers\STM32F1xx_HAL_Driver\Src\stm32f1xx_hal_uart.o
 .text.HAL_LIN_SendBreak
                0x00000000       0x54 Drivers\STM32F1xx_HAL_Driver\Src\stm32f1xx_hal_uart.o
 .text.HAL_MultiProcessor_EnterMuteMode
                0x00000000       0x54 Drivers\STM32F1xx_HAL_Driver\Src\stm32f1xx_hal_uart.o
 .text.HAL_MultiProcessor_ExitMuteMode
                0x00000000       0x54 Drivers\STM32F1xx_HAL_Driver\Src\stm32f1xx_hal_uart.o
 .text.HAL_HalfDuplex_EnableTransmitter
                0x00000000       0x58 Drivers\STM32F1xx_HAL_Driver\Src\stm32f1xx_hal_uart.o
 .text.HAL_HalfDuplex_EnableReceiver
                0x00000000       0x58 Drivers\STM32F1xx_HAL_Driver\Src\stm32f1xx_hal_uart.o
 .text.HAL_UART_GetState
                0x00000000       0x1c Drivers\STM32F1xx_HAL_Driver\Src\stm32f1xx_hal_uart.o
 .text.HAL_UART_GetError
                0x00000000       0x18 Drivers\STM32F1xx_HAL_Driver\Src\stm32f1xx_hal_uart.o
 .text.UART_DMATransmitCplt
                0x00000000       0x54 Drivers\STM32F1xx_HAL_Driver\Src\stm32f1xx_hal_uart.o
 .text.UART_DMATxHalfCplt
                0x00000000       0x1c Drivers\STM32F1xx_HAL_Driver\Src\stm32f1xx_hal_uart.o
 .text.UART_DMAReceiveCplt
                0x00000000       0x60 Drivers\STM32F1xx_HAL_Driver\Src\stm32f1xx_hal_uart.o
 .text.UART_DMARxHalfCplt
                0x00000000       0x1c Drivers\STM32F1xx_HAL_Driver\Src\stm32f1xx_hal_uart.o
 .text.UART_DMAError
                0x00000000       0x3c Drivers\STM32F1xx_HAL_Driver\Src\stm32f1xx_hal_uart.o
 .text.UART_Transmit_IT
                0x00000000       0xb8 Drivers\STM32F1xx_HAL_Driver\Src\stm32f1xx_hal_uart.o
 .text.UART_EndTransmit_IT
                0x00000000       0x48 Drivers\STM32F1xx_HAL_Driver\Src\stm32f1xx_hal_uart.o
 .text.UART_Receive_IT
                0x00000000      0x128 Drivers\STM32F1xx_HAL_Driver\Src\stm32f1xx_hal_uart.o
 .text          0x00000000        0x0 Drivers\STM32F1xx_HAL_Driver\Src\stm32f1xx_hal_tim_ex.o
 .data          0x00000000        0x0 Drivers\STM32F1xx_HAL_Driver\Src\stm32f1xx_hal_tim_ex.o
 .bss           0x00000000        0x0 Drivers\STM32F1xx_HAL_Driver\Src\stm32f1xx_hal_tim_ex.o
 .debug_info    0x00000000       0xa0 Drivers\STM32F1xx_HAL_Driver\Src\stm32f1xx_hal_tim_ex.o
 .debug_abbrev  0x00000000       0x4b Drivers\STM32F1xx_HAL_Driver\Src\stm32f1xx_hal_tim_ex.o
 .debug_aranges
                0x00000000       0x18 Drivers\STM32F1xx_HAL_Driver\Src\stm32f1xx_hal_tim_ex.o
 .debug_line    0x00000000      0x109 Drivers\STM32F1xx_HAL_Driver\Src\stm32f1xx_hal_tim_ex.o
 .debug_str     0x00000000      0x1a4 Drivers\STM32F1xx_HAL_Driver\Src\stm32f1xx_hal_tim_ex.o
 .comment       0x00000000       0x7f Drivers\STM32F1xx_HAL_Driver\Src\stm32f1xx_hal_tim_ex.o
 .ARM.attributes
                0x00000000       0x33 Drivers\STM32F1xx_HAL_Driver\Src\stm32f1xx_hal_tim_ex.o
 .text          0x00000000        0x0 Drivers\STM32F1xx_HAL_Driver\Src\stm32f1xx_hal_tim.o
 .data          0x00000000        0x0 Drivers\STM32F1xx_HAL_Driver\Src\stm32f1xx_hal_tim.o
 .bss           0x00000000        0x0 Drivers\STM32F1xx_HAL_Driver\Src\stm32f1xx_hal_tim.o
 .debug_info    0x00000000       0xa0 Drivers\STM32F1xx_HAL_Driver\Src\stm32f1xx_hal_tim.o
 .debug_abbrev  0x00000000       0x4b Drivers\STM32F1xx_HAL_Driver\Src\stm32f1xx_hal_tim.o
 .debug_aranges
                0x00000000       0x18 Drivers\STM32F1xx_HAL_Driver\Src\stm32f1xx_hal_tim.o
 .debug_line    0x00000000      0x109 Drivers\STM32F1xx_HAL_Driver\Src\stm32f1xx_hal_tim.o
 .debug_str     0x00000000      0x1a1 Drivers\STM32F1xx_HAL_Driver\Src\stm32f1xx_hal_tim.o
 .comment       0x00000000       0x7f Drivers\STM32F1xx_HAL_Driver\Src\stm32f1xx_hal_tim.o
 .ARM.attributes
                0x00000000       0x33 Drivers\STM32F1xx_HAL_Driver\Src\stm32f1xx_hal_tim.o
 .text          0x00000000        0x0 Drivers\STM32F1xx_HAL_Driver\Src\stm32f1xx_hal_rcc_ex.o
 .data          0x00000000        0x0 Drivers\STM32F1xx_HAL_Driver\Src\stm32f1xx_hal_rcc_ex.o
 .bss           0x00000000        0x0 Drivers\STM32F1xx_HAL_Driver\Src\stm32f1xx_hal_rcc_ex.o
 .text.HAL_RCCEx_PeriphCLKConfig
                0x00000000      0x1ec Drivers\STM32F1xx_HAL_Driver\Src\stm32f1xx_hal_rcc_ex.o
 .text.HAL_RCCEx_GetPeriphCLKConfig
                0x00000000       0x60 Drivers\STM32F1xx_HAL_Driver\Src\stm32f1xx_hal_rcc_ex.o
 .rodata        0x00000000       0x12 Drivers\STM32F1xx_HAL_Driver\Src\stm32f1xx_hal_rcc_ex.o
 .text.HAL_RCCEx_GetPeriphCLKFreq
                0x00000000      0x1c8 Drivers\STM32F1xx_HAL_Driver\Src\stm32f1xx_hal_rcc_ex.o
 .debug_info    0x00000000      0x541 Drivers\STM32F1xx_HAL_Driver\Src\stm32f1xx_hal_rcc_ex.o
 .debug_abbrev  0x00000000      0x1eb Drivers\STM32F1xx_HAL_Driver\Src\stm32f1xx_hal_rcc_ex.o
 .debug_aranges
                0x00000000       0x30 Drivers\STM32F1xx_HAL_Driver\Src\stm32f1xx_hal_rcc_ex.o
 .debug_ranges  0x00000000       0x20 Drivers\STM32F1xx_HAL_Driver\Src\stm32f1xx_hal_rcc_ex.o
 .debug_line    0x00000000      0x348 Drivers\STM32F1xx_HAL_Driver\Src\stm32f1xx_hal_rcc_ex.o
 .debug_str     0x00000000      0x3ab Drivers\STM32F1xx_HAL_Driver\Src\stm32f1xx_hal_rcc_ex.o
 .comment       0x00000000       0x7f Drivers\STM32F1xx_HAL_Driver\Src\stm32f1xx_hal_rcc_ex.o
 .debug_frame   0x00000000       0x84 Drivers\STM32F1xx_HAL_Driver\Src\stm32f1xx_hal_rcc_ex.o
 .ARM.attributes
                0x00000000       0x33 Drivers\STM32F1xx_HAL_Driver\Src\stm32f1xx_hal_rcc_ex.o
 .text          0x00000000        0x0 Drivers\STM32F1xx_HAL_Driver\Src\stm32f1xx_hal_rcc.o
 .data          0x00000000        0x0 Drivers\STM32F1xx_HAL_Driver\Src\stm32f1xx_hal_rcc.o
 .bss           0x00000000        0x0 Drivers\STM32F1xx_HAL_Driver\Src\stm32f1xx_hal_rcc.o
 .text.HAL_RCC_DeInit
                0x00000000       0x7c Drivers\STM32F1xx_HAL_Driver\Src\stm32f1xx_hal_rcc.o
 .text.HAL_RCC_MCOConfig
                0x00000000       0x70 Drivers\STM32F1xx_HAL_Driver\Src\stm32f1xx_hal_rcc.o
 .text.HAL_RCC_EnableCSS
                0x00000000       0x34 Drivers\STM32F1xx_HAL_Driver\Src\stm32f1xx_hal_rcc.o
 .text.HAL_RCC_DisableCSS
                0x00000000       0x34 Drivers\STM32F1xx_HAL_Driver\Src\stm32f1xx_hal_rcc.o
 .text.HAL_RCC_GetOscConfig
                0x00000000      0x110 Drivers\STM32F1xx_HAL_Driver\Src\stm32f1xx_hal_rcc.o
 .text.HAL_RCC_GetClockConfig
                0x00000000       0x60 Drivers\STM32F1xx_HAL_Driver\Src\stm32f1xx_hal_rcc.o
 .text.HAL_RCC_NMI_IRQHandler
                0x00000000       0x28 Drivers\STM32F1xx_HAL_Driver\Src\stm32f1xx_hal_rcc.o
 .text.HAL_RCC_CSSCallback
                0x00000000        0xc Drivers\STM32F1xx_HAL_Driver\Src\stm32f1xx_hal_rcc.o
 .text          0x00000000        0x0 Drivers\STM32F1xx_HAL_Driver\Src\stm32f1xx_hal_pwr.o
 .data          0x00000000        0x0 Drivers\STM32F1xx_HAL_Driver\Src\stm32f1xx_hal_pwr.o
 .bss           0x00000000        0x0 Drivers\STM32F1xx_HAL_Driver\Src\stm32f1xx_hal_pwr.o
 .text.PWR_OverloadWfe
                0x00000000       0x10 Drivers\STM32F1xx_HAL_Driver\Src\stm32f1xx_hal_pwr.o
 .text.HAL_PWR_DeInit
                0x00000000       0x28 Drivers\STM32F1xx_HAL_Driver\Src\stm32f1xx_hal_pwr.o
 .text.HAL_PWR_EnableBkUpAccess
                0x00000000       0x34 Drivers\STM32F1xx_HAL_Driver\Src\stm32f1xx_hal_pwr.o
 .text.HAL_PWR_DisableBkUpAccess
                0x00000000       0x34 Drivers\STM32F1xx_HAL_Driver\Src\stm32f1xx_hal_pwr.o
 .text.HAL_PWR_ConfigPVD
                0x00000000       0xbc Drivers\STM32F1xx_HAL_Driver\Src\stm32f1xx_hal_pwr.o
 .text.HAL_PWR_EnablePVD
                0x00000000       0x34 Drivers\STM32F1xx_HAL_Driver\Src\stm32f1xx_hal_pwr.o
 .text.HAL_PWR_DisablePVD
                0x00000000       0x34 Drivers\STM32F1xx_HAL_Driver\Src\stm32f1xx_hal_pwr.o
 .text.HAL_PWR_EnableWakeUpPin
                0x00000000       0x38 Drivers\STM32F1xx_HAL_Driver\Src\stm32f1xx_hal_pwr.o
 .text.HAL_PWR_DisableWakeUpPin
                0x00000000       0x38 Drivers\STM32F1xx_HAL_Driver\Src\stm32f1xx_hal_pwr.o
 .text.HAL_PWR_EnterSLEEPMode
                0x00000000       0x38 Drivers\STM32F1xx_HAL_Driver\Src\stm32f1xx_hal_pwr.o
 .text.HAL_PWR_EnterSTOPMode
                0x00000000       0x64 Drivers\STM32F1xx_HAL_Driver\Src\stm32f1xx_hal_pwr.o
 .text.HAL_PWR_EnterSTANDBYMode
                0x00000000       0x30 Drivers\STM32F1xx_HAL_Driver\Src\stm32f1xx_hal_pwr.o
 .text.HAL_PWR_EnableSleepOnExit
                0x00000000       0x1c Drivers\STM32F1xx_HAL_Driver\Src\stm32f1xx_hal_pwr.o
 .text.HAL_PWR_DisableSleepOnExit
                0x00000000       0x1c Drivers\STM32F1xx_HAL_Driver\Src\stm32f1xx_hal_pwr.o
 .text.HAL_PWR_EnableSEVOnPend
                0x00000000       0x1c Drivers\STM32F1xx_HAL_Driver\Src\stm32f1xx_hal_pwr.o
 .text.HAL_PWR_DisableSEVOnPend
                0x00000000       0x1c Drivers\STM32F1xx_HAL_Driver\Src\stm32f1xx_hal_pwr.o
 .text.HAL_PWR_PVD_IRQHandler
                0x00000000       0x24 Drivers\STM32F1xx_HAL_Driver\Src\stm32f1xx_hal_pwr.o
 .text.HAL_PWR_PVDCallback
                0x00000000        0xc Drivers\STM32F1xx_HAL_Driver\Src\stm32f1xx_hal_pwr.o
 .debug_info    0x00000000      0x79a Drivers\STM32F1xx_HAL_Driver\Src\stm32f1xx_hal_pwr.o
 .debug_abbrev  0x00000000      0x225 Drivers\STM32F1xx_HAL_Driver\Src\stm32f1xx_hal_pwr.o
 .debug_aranges
                0x00000000       0xa8 Drivers\STM32F1xx_HAL_Driver\Src\stm32f1xx_hal_pwr.o
 .debug_ranges  0x00000000       0x98 Drivers\STM32F1xx_HAL_Driver\Src\stm32f1xx_hal_pwr.o
 .debug_line    0x00000000      0x3ba Drivers\STM32F1xx_HAL_Driver\Src\stm32f1xx_hal_pwr.o
 .debug_str     0x00000000      0x4ab Drivers\STM32F1xx_HAL_Driver\Src\stm32f1xx_hal_pwr.o
 .comment       0x00000000       0x7f Drivers\STM32F1xx_HAL_Driver\Src\stm32f1xx_hal_pwr.o
 .debug_frame   0x00000000      0x290 Drivers\STM32F1xx_HAL_Driver\Src\stm32f1xx_hal_pwr.o
 .ARM.attributes
                0x00000000       0x33 Drivers\STM32F1xx_HAL_Driver\Src\stm32f1xx_hal_pwr.o
 .text          0x00000000        0x0 Drivers\STM32F1xx_HAL_Driver\Src\stm32f1xx_hal_gpio_ex.o
 .data          0x00000000        0x0 Drivers\STM32F1xx_HAL_Driver\Src\stm32f1xx_hal_gpio_ex.o
 .bss           0x00000000        0x0 Drivers\STM32F1xx_HAL_Driver\Src\stm32f1xx_hal_gpio_ex.o
 .text.HAL_GPIOEx_ConfigEventout
                0x00000000       0x2c Drivers\STM32F1xx_HAL_Driver\Src\stm32f1xx_hal_gpio_ex.o
 .text.HAL_GPIOEx_EnableEventout
                0x00000000       0x1c Drivers\STM32F1xx_HAL_Driver\Src\stm32f1xx_hal_gpio_ex.o
 .text.HAL_GPIOEx_DisableEventout
                0x00000000       0x1c Drivers\STM32F1xx_HAL_Driver\Src\stm32f1xx_hal_gpio_ex.o
 .debug_info    0x00000000      0x183 Drivers\STM32F1xx_HAL_Driver\Src\stm32f1xx_hal_gpio_ex.o
 .debug_abbrev  0x00000000       0xcb Drivers\STM32F1xx_HAL_Driver\Src\stm32f1xx_hal_gpio_ex.o
 .debug_aranges
                0x00000000       0x30 Drivers\STM32F1xx_HAL_Driver\Src\stm32f1xx_hal_gpio_ex.o
 .debug_ranges  0x00000000       0x20 Drivers\STM32F1xx_HAL_Driver\Src\stm32f1xx_hal_gpio_ex.o
 .debug_line    0x00000000      0x1bc Drivers\STM32F1xx_HAL_Driver\Src\stm32f1xx_hal_gpio_ex.o
 .debug_str     0x00000000      0x255 Drivers\STM32F1xx_HAL_Driver\Src\stm32f1xx_hal_gpio_ex.o
 .comment       0x00000000       0x7f Drivers\STM32F1xx_HAL_Driver\Src\stm32f1xx_hal_gpio_ex.o
 .debug_frame   0x00000000       0x78 Drivers\STM32F1xx_HAL_Driver\Src\stm32f1xx_hal_gpio_ex.o
 .ARM.attributes
                0x00000000       0x33 Drivers\STM32F1xx_HAL_Driver\Src\stm32f1xx_hal_gpio_ex.o
 .text          0x00000000        0x0 Drivers\STM32F1xx_HAL_Driver\Src\stm32f1xx_hal_gpio.o
 .data          0x00000000        0x0 Drivers\STM32F1xx_HAL_Driver\Src\stm32f1xx_hal_gpio.o
 .bss           0x00000000        0x0 Drivers\STM32F1xx_HAL_Driver\Src\stm32f1xx_hal_gpio.o
 .text.HAL_GPIO_DeInit
                0x00000000      0x184 Drivers\STM32F1xx_HAL_Driver\Src\stm32f1xx_hal_gpio.o
 .text.HAL_GPIO_ReadPin
                0x00000000       0x30 Drivers\STM32F1xx_HAL_Driver\Src\stm32f1xx_hal_gpio.o
 .text.HAL_GPIO_TogglePin
                0x00000000       0x24 Drivers\STM32F1xx_HAL_Driver\Src\stm32f1xx_hal_gpio.o
 .text.HAL_GPIO_LockPin
                0x00000000       0x50 Drivers\STM32F1xx_HAL_Driver\Src\stm32f1xx_hal_gpio.o
 .text.HAL_GPIO_EXTI_IRQHandler
                0x00000000       0x30 Drivers\STM32F1xx_HAL_Driver\Src\stm32f1xx_hal_gpio.o
 .text.HAL_GPIO_EXTI_Callback
                0x00000000       0x14 Drivers\STM32F1xx_HAL_Driver\Src\stm32f1xx_hal_gpio.o
 .text          0x00000000        0x0 Drivers\STM32F1xx_HAL_Driver\Src\stm32f1xx_hal_flash_ex.o
 .data          0x00000000        0x0 Drivers\STM32F1xx_HAL_Driver\Src\stm32f1xx_hal_flash_ex.o
 .bss           0x00000000        0x0 Drivers\STM32F1xx_HAL_Driver\Src\stm32f1xx_hal_flash_ex.o
 .text.HAL_FLASHEx_Erase
                0x00000000       0xd8 Drivers\STM32F1xx_HAL_Driver\Src\stm32f1xx_hal_flash_ex.o
 .text.HAL_FLASHEx_Erase_IT
                0x00000000       0x84 Drivers\STM32F1xx_HAL_Driver\Src\stm32f1xx_hal_flash_ex.o
 .text.HAL_FLASHEx_OBErase
                0x00000000       0x84 Drivers\STM32F1xx_HAL_Driver\Src\stm32f1xx_hal_flash_ex.o
 .text.HAL_FLASHEx_OBProgram
                0x00000000       0xf8 Drivers\STM32F1xx_HAL_Driver\Src\stm32f1xx_hal_flash_ex.o
 .text.HAL_FLASHEx_OBGetConfig
                0x00000000       0x38 Drivers\STM32F1xx_HAL_Driver\Src\stm32f1xx_hal_flash_ex.o
 .text.HAL_FLASHEx_OBGetUserData
                0x00000000       0x6c Drivers\STM32F1xx_HAL_Driver\Src\stm32f1xx_hal_flash_ex.o
 .text.FLASH_MassErase
                0x00000000       0x38 Drivers\STM32F1xx_HAL_Driver\Src\stm32f1xx_hal_flash_ex.o
 .text.FLASH_OB_EnableWRP
                0x00000000      0x144 Drivers\STM32F1xx_HAL_Driver\Src\stm32f1xx_hal_flash_ex.o
 .text.FLASH_OB_DisableWRP
                0x00000000      0x140 Drivers\STM32F1xx_HAL_Driver\Src\stm32f1xx_hal_flash_ex.o
 .text.FLASH_OB_RDP_LevelConfig
                0x00000000       0xa0 Drivers\STM32F1xx_HAL_Driver\Src\stm32f1xx_hal_flash_ex.o
 .text.FLASH_OB_UserConfig
                0x00000000       0x70 Drivers\STM32F1xx_HAL_Driver\Src\stm32f1xx_hal_flash_ex.o
 .text.FLASH_OB_ProgramData
                0x00000000       0x68 Drivers\STM32F1xx_HAL_Driver\Src\stm32f1xx_hal_flash_ex.o
 .text.FLASH_OB_GetWRP
                0x00000000       0x14 Drivers\STM32F1xx_HAL_Driver\Src\stm32f1xx_hal_flash_ex.o
 .text.FLASH_OB_GetRDP
                0x00000000       0x38 Drivers\STM32F1xx_HAL_Driver\Src\stm32f1xx_hal_flash_ex.o
 .text.FLASH_OB_GetUser
                0x00000000       0x34 Drivers\STM32F1xx_HAL_Driver\Src\stm32f1xx_hal_flash_ex.o
 .text.FLASH_PageErase
                0x00000000       0x40 Drivers\STM32F1xx_HAL_Driver\Src\stm32f1xx_hal_flash_ex.o
 .debug_info    0x00000000      0x840 Drivers\STM32F1xx_HAL_Driver\Src\stm32f1xx_hal_flash_ex.o
 .debug_abbrev  0x00000000      0x265 Drivers\STM32F1xx_HAL_Driver\Src\stm32f1xx_hal_flash_ex.o
 .debug_aranges
                0x00000000       0x98 Drivers\STM32F1xx_HAL_Driver\Src\stm32f1xx_hal_flash_ex.o
 .debug_ranges  0x00000000       0x88 Drivers\STM32F1xx_HAL_Driver\Src\stm32f1xx_hal_flash_ex.o
 .debug_line    0x00000000      0x474 Drivers\STM32F1xx_HAL_Driver\Src\stm32f1xx_hal_flash_ex.o
 .debug_str     0x00000000      0x636 Drivers\STM32F1xx_HAL_Driver\Src\stm32f1xx_hal_flash_ex.o
 .comment       0x00000000       0x7f Drivers\STM32F1xx_HAL_Driver\Src\stm32f1xx_hal_flash_ex.o
 .debug_frame   0x00000000      0x260 Drivers\STM32F1xx_HAL_Driver\Src\stm32f1xx_hal_flash_ex.o
 .ARM.attributes
                0x00000000       0x33 Drivers\STM32F1xx_HAL_Driver\Src\stm32f1xx_hal_flash_ex.o
 .text          0x00000000        0x0 Drivers\STM32F1xx_HAL_Driver\Src\stm32f1xx_hal_flash.o
 .data          0x00000000        0x0 Drivers\STM32F1xx_HAL_Driver\Src\stm32f1xx_hal_flash.o
 .bss           0x00000000        0x0 Drivers\STM32F1xx_HAL_Driver\Src\stm32f1xx_hal_flash.o
 .text.HAL_FLASH_Program
                0x00000000       0xe4 Drivers\STM32F1xx_HAL_Driver\Src\stm32f1xx_hal_flash.o
 .text.HAL_FLASH_Program_IT
                0x00000000       0x90 Drivers\STM32F1xx_HAL_Driver\Src\stm32f1xx_hal_flash.o
 .text.HAL_FLASH_IRQHandler
                0x00000000      0x1c4 Drivers\STM32F1xx_HAL_Driver\Src\stm32f1xx_hal_flash.o
 .text.HAL_FLASH_EndOfOperationCallback
                0x00000000       0x14 Drivers\STM32F1xx_HAL_Driver\Src\stm32f1xx_hal_flash.o
 .text.HAL_FLASH_OperationErrorCallback
                0x00000000       0x14 Drivers\STM32F1xx_HAL_Driver\Src\stm32f1xx_hal_flash.o
 .text.HAL_FLASH_Unlock
                0x00000000       0x38 Drivers\STM32F1xx_HAL_Driver\Src\stm32f1xx_hal_flash.o
 .text.HAL_FLASH_Lock
                0x00000000       0x20 Drivers\STM32F1xx_HAL_Driver\Src\stm32f1xx_hal_flash.o
 .text.HAL_FLASH_OB_Unlock
                0x00000000       0x38 Drivers\STM32F1xx_HAL_Driver\Src\stm32f1xx_hal_flash.o
 .text.HAL_FLASH_OB_Lock
                0x00000000       0x20 Drivers\STM32F1xx_HAL_Driver\Src\stm32f1xx_hal_flash.o
 .text.HAL_FLASH_OB_Launch
                0x00000000       0x10 Drivers\STM32F1xx_HAL_Driver\Src\stm32f1xx_hal_flash.o
 .text.HAL_FLASH_GetError
                0x00000000       0x14 Drivers\STM32F1xx_HAL_Driver\Src\stm32f1xx_hal_flash.o
 .text.FLASH_Program_HalfWord
                0x00000000       0x38 Drivers\STM32F1xx_HAL_Driver\Src\stm32f1xx_hal_flash.o
 .text.FLASH_WaitForLastOperation
                0x00000000       0x8c Drivers\STM32F1xx_HAL_Driver\Src\stm32f1xx_hal_flash.o
 .text.FLASH_SetErrorCode
                0x00000000       0x70 Drivers\STM32F1xx_HAL_Driver\Src\stm32f1xx_hal_flash.o
 .debug_info    0x00000000      0x4e8 Drivers\STM32F1xx_HAL_Driver\Src\stm32f1xx_hal_flash.o
 .debug_abbrev  0x00000000      0x1df Drivers\STM32F1xx_HAL_Driver\Src\stm32f1xx_hal_flash.o
 .debug_aranges
                0x00000000       0x88 Drivers\STM32F1xx_HAL_Driver\Src\stm32f1xx_hal_flash.o
 .debug_ranges  0x00000000       0x78 Drivers\STM32F1xx_HAL_Driver\Src\stm32f1xx_hal_flash.o
 .debug_line    0x00000000      0x3d7 Drivers\STM32F1xx_HAL_Driver\Src\stm32f1xx_hal_flash.o
 .debug_str     0x00000000      0x4f6 Drivers\STM32F1xx_HAL_Driver\Src\stm32f1xx_hal_flash.o
 .comment       0x00000000       0x7f Drivers\STM32F1xx_HAL_Driver\Src\stm32f1xx_hal_flash.o
 .debug_frame   0x00000000      0x204 Drivers\STM32F1xx_HAL_Driver\Src\stm32f1xx_hal_flash.o
 .ARM.attributes
                0x00000000       0x33 Drivers\STM32F1xx_HAL_Driver\Src\stm32f1xx_hal_flash.o
 COMMON         0x00000000       0x20 Drivers\STM32F1xx_HAL_Driver\Src\stm32f1xx_hal_flash.o
 .text          0x00000000        0x0 Drivers\STM32F1xx_HAL_Driver\Src\stm32f1xx_hal_dma.o
 .data          0x00000000        0x0 Drivers\STM32F1xx_HAL_Driver\Src\stm32f1xx_hal_dma.o
 .bss           0x00000000        0x0 Drivers\STM32F1xx_HAL_Driver\Src\stm32f1xx_hal_dma.o
 .text.HAL_DMA_Init
                0x00000000       0x94 Drivers\STM32F1xx_HAL_Driver\Src\stm32f1xx_hal_dma.o
 .text.HAL_DMA_DeInit
                0x00000000      0x1e0 Drivers\STM32F1xx_HAL_Driver\Src\stm32f1xx_hal_dma.o
 .text.HAL_DMA_Start
                0x00000000       0x64 Drivers\STM32F1xx_HAL_Driver\Src\stm32f1xx_hal_dma.o
 .text.HAL_DMA_Start_IT
                0x00000000       0x94 Drivers\STM32F1xx_HAL_Driver\Src\stm32f1xx_hal_dma.o
 .text.HAL_DMA_Abort
                0x00000000       0x7c Drivers\STM32F1xx_HAL_Driver\Src\stm32f1xx_hal_dma.o
 .text.HAL_DMA_PollForTransfer
                0x00000000      0x394 Drivers\STM32F1xx_HAL_Driver\Src\stm32f1xx_hal_dma.o
 .text.HAL_DMA_IRQHandler
                0x00000000      0x3e0 Drivers\STM32F1xx_HAL_Driver\Src\stm32f1xx_hal_dma.o
 .text.HAL_DMA_GetState
                0x00000000       0x18 Drivers\STM32F1xx_HAL_Driver\Src\stm32f1xx_hal_dma.o
 .text.HAL_DMA_GetError
                0x00000000       0x18 Drivers\STM32F1xx_HAL_Driver\Src\stm32f1xx_hal_dma.o
 .text.DMA_SetConfig
                0x00000000       0x4c Drivers\STM32F1xx_HAL_Driver\Src\stm32f1xx_hal_dma.o
 .debug_info    0x00000000      0x588 Drivers\STM32F1xx_HAL_Driver\Src\stm32f1xx_hal_dma.o
 .debug_abbrev  0x00000000      0x1b5 Drivers\STM32F1xx_HAL_Driver\Src\stm32f1xx_hal_dma.o
 .debug_aranges
                0x00000000       0x68 Drivers\STM32F1xx_HAL_Driver\Src\stm32f1xx_hal_dma.o
 .debug_ranges  0x00000000       0x58 Drivers\STM32F1xx_HAL_Driver\Src\stm32f1xx_hal_dma.o
 .debug_line    0x00000000      0x7b4 Drivers\STM32F1xx_HAL_Driver\Src\stm32f1xx_hal_dma.o
 .debug_str     0x00000000      0x4e4 Drivers\STM32F1xx_HAL_Driver\Src\stm32f1xx_hal_dma.o
 .comment       0x00000000       0x7f Drivers\STM32F1xx_HAL_Driver\Src\stm32f1xx_hal_dma.o
 .debug_frame   0x00000000      0x194 Drivers\STM32F1xx_HAL_Driver\Src\stm32f1xx_hal_dma.o
 .ARM.attributes
                0x00000000       0x33 Drivers\STM32F1xx_HAL_Driver\Src\stm32f1xx_hal_dma.o
 .text          0x00000000        0x0 Drivers\STM32F1xx_HAL_Driver\Src\stm32f1xx_hal_cortex.o
 .data          0x00000000        0x0 Drivers\STM32F1xx_HAL_Driver\Src\stm32f1xx_hal_cortex.o
 .bss           0x00000000        0x0 Drivers\STM32F1xx_HAL_Driver\Src\stm32f1xx_hal_cortex.o
 .text.NVIC_EnableIRQ
                0x00000000       0x30 Drivers\STM32F1xx_HAL_Driver\Src\stm32f1xx_hal_cortex.o
 .text.NVIC_DisableIRQ
                0x00000000       0x34 Drivers\STM32F1xx_HAL_Driver\Src\stm32f1xx_hal_cortex.o
 .text.NVIC_GetPendingIRQ
                0x00000000       0x34 Drivers\STM32F1xx_HAL_Driver\Src\stm32f1xx_hal_cortex.o
 .text.NVIC_SetPendingIRQ
                0x00000000       0x34 Drivers\STM32F1xx_HAL_Driver\Src\stm32f1xx_hal_cortex.o
 .text.NVIC_ClearPendingIRQ
                0x00000000       0x34 Drivers\STM32F1xx_HAL_Driver\Src\stm32f1xx_hal_cortex.o
 .text.NVIC_GetActive
                0x00000000       0x34 Drivers\STM32F1xx_HAL_Driver\Src\stm32f1xx_hal_cortex.o
 .text.NVIC_GetPriority
                0x00000000       0x4c Drivers\STM32F1xx_HAL_Driver\Src\stm32f1xx_hal_cortex.o
 .text.NVIC_DecodePriority
                0x00000000       0x68 Drivers\STM32F1xx_HAL_Driver\Src\stm32f1xx_hal_cortex.o
 .text.NVIC_SystemReset
                0x00000000       0x28 Drivers\STM32F1xx_HAL_Driver\Src\stm32f1xx_hal_cortex.o
 .text.HAL_NVIC_EnableIRQ
                0x00000000       0x1c Drivers\STM32F1xx_HAL_Driver\Src\stm32f1xx_hal_cortex.o
 .text.HAL_NVIC_DisableIRQ
                0x00000000       0x1c Drivers\STM32F1xx_HAL_Driver\Src\stm32f1xx_hal_cortex.o
 .text.HAL_NVIC_SystemReset
                0x00000000        0xc Drivers\STM32F1xx_HAL_Driver\Src\stm32f1xx_hal_cortex.o
 .text.HAL_NVIC_GetPriorityGrouping
                0x00000000       0x10 Drivers\STM32F1xx_HAL_Driver\Src\stm32f1xx_hal_cortex.o
 .text.HAL_NVIC_GetPriority
                0x00000000       0x2c Drivers\STM32F1xx_HAL_Driver\Src\stm32f1xx_hal_cortex.o
 .text.HAL_NVIC_SetPendingIRQ
                0x00000000       0x1c Drivers\STM32F1xx_HAL_Driver\Src\stm32f1xx_hal_cortex.o
 .text.HAL_NVIC_GetPendingIRQ
                0x00000000       0x20 Drivers\STM32F1xx_HAL_Driver\Src\stm32f1xx_hal_cortex.o
 .text.HAL_NVIC_ClearPendingIRQ
                0x00000000       0x1c Drivers\STM32F1xx_HAL_Driver\Src\stm32f1xx_hal_cortex.o
 .text.HAL_NVIC_GetActive
                0x00000000       0x20 Drivers\STM32F1xx_HAL_Driver\Src\stm32f1xx_hal_cortex.o
 .text          0x00000000        0x0 Drivers\STM32F1xx_HAL_Driver\Src\stm32f1xx_hal.o
 .data          0x00000000        0x0 Drivers\STM32F1xx_HAL_Driver\Src\stm32f1xx_hal.o
 .bss           0x00000000        0x0 Drivers\STM32F1xx_HAL_Driver\Src\stm32f1xx_hal.o
 .text.HAL_DeInit
                0x00000000       0x30 Drivers\STM32F1xx_HAL_Driver\Src\stm32f1xx_hal.o
 .text.HAL_MspInit
                0x00000000        0xc Drivers\STM32F1xx_HAL_Driver\Src\stm32f1xx_hal.o
 .text.HAL_MspDeInit
                0x00000000        0xc Drivers\STM32F1xx_HAL_Driver\Src\stm32f1xx_hal.o
 .text.HAL_SuspendTick
                0x00000000       0x1c Drivers\STM32F1xx_HAL_Driver\Src\stm32f1xx_hal.o
 .text.HAL_ResumeTick
                0x00000000       0x1c Drivers\STM32F1xx_HAL_Driver\Src\stm32f1xx_hal.o
 .text.HAL_GetHalVersion
                0x00000000       0x14 Drivers\STM32F1xx_HAL_Driver\Src\stm32f1xx_hal.o
 .text.HAL_GetREVID
                0x00000000       0x34 Drivers\STM32F1xx_HAL_Driver\Src\stm32f1xx_hal.o
 .text.HAL_GetDEVID
                0x00000000       0x18 Drivers\STM32F1xx_HAL_Driver\Src\stm32f1xx_hal.o
 .text.HAL_DBGMCU_EnableDBGSleepMode
                0x00000000       0x1c Drivers\STM32F1xx_HAL_Driver\Src\stm32f1xx_hal.o
 .text.HAL_DBGMCU_DisableDBGSleepMode
                0x00000000       0x1c Drivers\STM32F1xx_HAL_Driver\Src\stm32f1xx_hal.o
 .text.HAL_DBGMCU_EnableDBGStopMode
                0x00000000       0x1c Drivers\STM32F1xx_HAL_Driver\Src\stm32f1xx_hal.o
 .text.HAL_DBGMCU_DisableDBGStopMode
                0x00000000       0x1c Drivers\STM32F1xx_HAL_Driver\Src\stm32f1xx_hal.o
 .text.HAL_DBGMCU_EnableDBGStandbyMode
                0x00000000       0x1c Drivers\STM32F1xx_HAL_Driver\Src\stm32f1xx_hal.o
 .text.HAL_DBGMCU_DisableDBGStandbyMode
                0x00000000       0x1c Drivers\STM32F1xx_HAL_Driver\Src\stm32f1xx_hal.o
 .text          0x00000000        0x0 Drivers\CMSIS\Device\ST\STM32F1xx\Source\Templates\system_stm32f1xx.o
 .data          0x00000000        0x0 Drivers\CMSIS\Device\ST\STM32F1xx\Source\Templates\system_stm32f1xx.o
 .bss           0x00000000        0x0 Drivers\CMSIS\Device\ST\STM32F1xx\Source\Templates\system_stm32f1xx.o
 .text.SystemCoreClockUpdate
                0x00000000       0xd8 Drivers\CMSIS\Device\ST\STM32F1xx\Source\Templates\system_stm32f1xx.o
 .text          0x00000000       0x14 Drivers\CMSIS\Device\ST\STM32F1xx\Source\Templates\gcc\startup_stm32f103xb.o
 .data          0x00000000        0x0 Drivers\CMSIS\Device\ST\STM32F1xx\Source\Templates\gcc\startup_stm32f103xb.o
 .bss           0x00000000        0x0 Drivers\CMSIS\Device\ST\STM32F1xx\Source\Templates\gcc\startup_stm32f103xb.o
 .text          0x00000000        0x0 f:/program files/truestudio for arm 5.5.2/armtools/bin/../lib/gcc/arm-atollic-eabi/5.3.1/../../../../arm-atollic-eabi/lib/armv7-m\libc.a(lib_a-init.o)
 .data          0x00000000        0x0 f:/program files/truestudio for arm 5.5.2/armtools/bin/../lib/gcc/arm-atollic-eabi/5.3.1/../../../../arm-atollic-eabi/lib/armv7-m\libc.a(lib_a-init.o)
 .bss           0x00000000        0x0 f:/program files/truestudio for arm 5.5.2/armtools/bin/../lib/gcc/arm-atollic-eabi/5.3.1/../../../../arm-atollic-eabi/lib/armv7-m\libc.a(lib_a-init.o)
 .text          0x00000000        0x0 f:/program files/truestudio for arm 5.5.2/armtools/bin/../lib/gcc/arm-atollic-eabi/5.3.1/armv7-m/crtend.o
 .data          0x00000000        0x0 f:/program files/truestudio for arm 5.5.2/armtools/bin/../lib/gcc/arm-atollic-eabi/5.3.1/armv7-m/crtend.o
 .bss           0x00000000        0x0 f:/program files/truestudio for arm 5.5.2/armtools/bin/../lib/gcc/arm-atollic-eabi/5.3.1/armv7-m/crtend.o
 .eh_frame      0x00000000        0x4 f:/program files/truestudio for arm 5.5.2/armtools/bin/../lib/gcc/arm-atollic-eabi/5.3.1/armv7-m/crtend.o
 .ARM.attributes
                0x00000000       0x2d f:/program files/truestudio for arm 5.5.2/armtools/bin/../lib/gcc/arm-atollic-eabi/5.3.1/armv7-m/crtend.o
 .text          0x00000000        0x0 f:/program files/truestudio for arm 5.5.2/armtools/bin/../lib/gcc/arm-atollic-eabi/5.3.1/armv7-m/crtn.o
 .data          0x00000000        0x0 f:/program files/truestudio for arm 5.5.2/armtools/bin/../lib/gcc/arm-atollic-eabi/5.3.1/armv7-m/crtn.o
 .bss           0x00000000        0x0 f:/program files/truestudio for arm 5.5.2/armtools/bin/../lib/gcc/arm-atollic-eabi/5.3.1/armv7-m/crtn.o

Memory Configuration

Name             Origin             Length             Attributes
FLASH            0x08000000         0x00020000         xr
RAM              0x20000000         0x00005000         xrw
*default*        0x00000000         0xffffffff

Linker script and memory map

LOAD f:/program files/truestudio for arm 5.5.2/armtools/bin/../lib/gcc/arm-atollic-eabi/5.3.1/armv7-m/crti.o
LOAD f:/program files/truestudio for arm 5.5.2/armtools/bin/../lib/gcc/arm-atollic-eabi/5.3.1/armv7-m/crtbegin.o
LOAD Src\stm32f1xx_it.o
LOAD Src\stm32f1xx_hal_msp.o
LOAD Src\main.o
LOAD Drivers\STM32F1xx_HAL_Driver\Src\stm32f1xx_hal_uart.o
LOAD Drivers\STM32F1xx_HAL_Driver\Src\stm32f1xx_hal_tim_ex.o
LOAD Drivers\STM32F1xx_HAL_Driver\Src\stm32f1xx_hal_tim.o
LOAD Drivers\STM32F1xx_HAL_Driver\Src\stm32f1xx_hal_rcc_ex.o
LOAD Drivers\STM32F1xx_HAL_Driver\Src\stm32f1xx_hal_rcc.o
LOAD Drivers\STM32F1xx_HAL_Driver\Src\stm32f1xx_hal_pwr.o
LOAD Drivers\STM32F1xx_HAL_Driver\Src\stm32f1xx_hal_gpio_ex.o
LOAD Drivers\STM32F1xx_HAL_Driver\Src\stm32f1xx_hal_gpio.o
LOAD Drivers\STM32F1xx_HAL_Driver\Src\stm32f1xx_hal_flash_ex.o
LOAD Drivers\STM32F1xx_HAL_Driver\Src\stm32f1xx_hal_flash.o
LOAD Drivers\STM32F1xx_HAL_Driver\Src\stm32f1xx_hal_dma.o
LOAD Drivers\STM32F1xx_HAL_Driver\Src\stm32f1xx_hal_cortex.o
LOAD Drivers\STM32F1xx_HAL_Driver\Src\stm32f1xx_hal.o
LOAD Drivers\CMSIS\Device\ST\STM32F1xx\Source\Templates\system_stm32f1xx.o
LOAD Drivers\CMSIS\Device\ST\STM32F1xx\Source\Templates\gcc\startup_stm32f103xb.o
START GROUP
LOAD f:/program files/truestudio for arm 5.5.2/armtools/bin/../lib/gcc/arm-atollic-eabi/5.3.1/../../../../arm-atollic-eabi/lib/armv7-m\libc.a
LOAD f:/program files/truestudio for arm 5.5.2/armtools/bin/../lib/gcc/arm-atollic-eabi/5.3.1/../../../../arm-atollic-eabi/lib/armv7-m\libm.a
END GROUP
                0x00000080                malloc_getpagesize_P = 0x80
START GROUP
LOAD f:/program files/truestudio for arm 5.5.2/armtools/bin/../lib/gcc/arm-atollic-eabi/5.3.1/armv7-m\libgcc.a
LOAD f:/program files/truestudio for arm 5.5.2/armtools/bin/../lib/gcc/arm-atollic-eabi/5.3.1/../../../../arm-atollic-eabi/lib/armv7-m\libc.a
END GROUP
START GROUP
LOAD f:/program files/truestudio for arm 5.5.2/armtools/bin/../lib/gcc/arm-atollic-eabi/5.3.1/armv7-m\libgcc.a
LOAD f:/program files/truestudio for arm 5.5.2/armtools/bin/../lib/gcc/arm-atollic-eabi/5.3.1/../../../../arm-atollic-eabi/lib/armv7-m\libc.a
LOAD f:/program files/truestudio for arm 5.5.2/armtools/bin/../lib/gcc/arm-atollic-eabi/5.3.1/../../../../arm-atollic-eabi/lib/armv7-m\libnosys.a
END GROUP
LOAD f:/program files/truestudio for arm 5.5.2/armtools/bin/../lib/gcc/arm-atollic-eabi/5.3.1/armv7-m/crtend.o
LOAD f:/program files/truestudio for arm 5.5.2/armtools/bin/../lib/gcc/arm-atollic-eabi/5.3.1/armv7-m/crtn.o
                0x20005000                _estack = 0x20005000
                0x00000200                _Min_Heap_Size = 0x200
                0x00000400                _Min_Stack_Size = 0x400

.isr_vector     0x08000000      0x10c
                0x08000000                . = ALIGN (0x4)
 *(.isr_vector)
 .isr_vector    0x08000000      0x10c Drivers\CMSIS\Device\ST\STM32F1xx\Source\Templates\gcc\startup_stm32f103xb.o
                0x08000000                g_pfnVectors
                0x0800010c                . = ALIGN (0x4)

.text           0x0800010c     0x2658
                0x0800010c                . = ALIGN (0x4)
 *(.text)
 .text          0x0800010c       0x40 f:/program files/truestudio for arm 5.5.2/armtools/bin/../lib/gcc/arm-atollic-eabi/5.3.1/armv7-m/crtbegin.o
 *(.text*)
 .text.SVC_Handler
                0x0800014c        0xc Src\stm32f1xx_it.o
                0x0800014c                SVC_Handler
 .text.PendSV_Handler
                0x08000158        0xc Src\stm32f1xx_it.o
                0x08000158                PendSV_Handler
 .text.SysTick_Handler
                0x08000164       0x10 Src\stm32f1xx_it.o
                0x08000164                SysTick_Handler
 .text.HAL_MspInit
                0x08000174       0x98 Src\stm32f1xx_hal_msp.o
                0x08000174                HAL_MspInit
 .text.HAL_UART_MspInit
                0x0800020c       0xd4 Src\stm32f1xx_hal_msp.o
                0x0800020c                HAL_UART_MspInit
 .text.S_delay_ms
                0x080002e0       0x2c Src\main.o
                0x080002e0                S_delay_ms
 .text.GPS_USART_RX_ISR
                0x0800030c       0x30 Src\main.o
                0x0800030c                GPS_USART_RX_ISR
 .text.scan_for_dots
                0x0800033c       0x38 Src\main.o
                0x0800033c                scan_for_dots
 .text.init_devs
                0x08000374       0xd0 Src\main.o
                0x08000374                init_devs
 .text.maincall_x
                0x08000444      0x158 Src\main.o
                0x08000444                maincall_x
 .text.main     0x0800059c       0x24 Src\main.o
                0x0800059c                main
 .text.SystemClock_Config
                0x080005c0       0x98 Src\main.o
                0x080005c0                SystemClock_Config
 .text.MX_USART1_UART_Init
                0x08000658       0x54 Src\main.o
 .text.MX_USART3_UART_Init
                0x080006ac       0x54 Src\main.o
 .text.MX_GPIO_Init
                0x08000700       0xf8 Src\main.o
 .text.Error_Handler
                0x080007f8        0x8 Src\main.o
                0x080007f8                Error_Handler
 .text.HAL_UART_Init
                0x08000800       0x94 Drivers\STM32F1xx_HAL_Driver\Src\stm32f1xx_hal_uart.o
                0x08000800                HAL_UART_Init
 .text.HAL_UART_Transmit
                0x08000894      0x150 Drivers\STM32F1xx_HAL_Driver\Src\stm32f1xx_hal_uart.o
                0x08000894                HAL_UART_Transmit
 .text.UART_WaitOnFlagUntilTimeout
                0x080009e4      0x134 Drivers\STM32F1xx_HAL_Driver\Src\stm32f1xx_hal_uart.o
 .text.UART_SetConfig
                0x08000b18      0x22c Drivers\STM32F1xx_HAL_Driver\Src\stm32f1xx_hal_uart.o
 .text.HAL_RCC_OscConfig
                0x08000d44      0xe40 Drivers\STM32F1xx_HAL_Driver\Src\stm32f1xx_hal_rcc.o
                0x08000d44                HAL_RCC_OscConfig
 .text.HAL_RCC_ClockConfig
                0x08001b84      0x378 Drivers\STM32F1xx_HAL_Driver\Src\stm32f1xx_hal_rcc.o
                0x08001b84                HAL_RCC_ClockConfig
 .text.HAL_RCC_GetSysClockFreq
                0x08001efc       0xf4 Drivers\STM32F1xx_HAL_Driver\Src\stm32f1xx_hal_rcc.o
                0x08001efc                HAL_RCC_GetSysClockFreq
 .text.HAL_RCC_GetHCLKFreq
                0x08001ff0       0x14 Drivers\STM32F1xx_HAL_Driver\Src\stm32f1xx_hal_rcc.o
                0x08001ff0                HAL_RCC_GetHCLKFreq
 .text.HAL_RCC_GetPCLK1Freq
                0x08002004       0x44 Drivers\STM32F1xx_HAL_Driver\Src\stm32f1xx_hal_rcc.o
                0x08002004                HAL_RCC_GetPCLK1Freq
 .text.HAL_RCC_GetPCLK2Freq
                0x08002048       0x44 Drivers\STM32F1xx_HAL_Driver\Src\stm32f1xx_hal_rcc.o
                0x08002048                HAL_RCC_GetPCLK2Freq
 .text.HAL_GPIO_Init
                0x0800208c      0x2bc Drivers\STM32F1xx_HAL_Driver\Src\stm32f1xx_hal_gpio.o
                0x0800208c                HAL_GPIO_Init
 .text.HAL_GPIO_WritePin
                0x08002348       0x30 Drivers\STM32F1xx_HAL_Driver\Src\stm32f1xx_hal_gpio.o
                0x08002348                HAL_GPIO_WritePin
 .text.NVIC_SetPriorityGrouping
                0x08002378       0x48 Drivers\STM32F1xx_HAL_Driver\Src\stm32f1xx_hal_cortex.o
 .text.NVIC_GetPriorityGrouping
                0x080023c0       0x1c Drivers\STM32F1xx_HAL_Driver\Src\stm32f1xx_hal_cortex.o
 .text.NVIC_SetPriority
                0x080023dc       0x54 Drivers\STM32F1xx_HAL_Driver\Src\stm32f1xx_hal_cortex.o
 .text.NVIC_EncodePriority
                0x08002430       0x60 Drivers\STM32F1xx_HAL_Driver\Src\stm32f1xx_hal_cortex.o
 .text.SysTick_Config
                0x08002490       0x44 Drivers\STM32F1xx_HAL_Driver\Src\stm32f1xx_hal_cortex.o
 .text.HAL_NVIC_SetPriorityGrouping
                0x080024d4       0x18 Drivers\STM32F1xx_HAL_Driver\Src\stm32f1xx_hal_cortex.o
                0x080024d4                HAL_NVIC_SetPriorityGrouping
 .text.HAL_NVIC_SetPriority
                0x080024ec       0x38 Drivers\STM32F1xx_HAL_Driver\Src\stm32f1xx_hal_cortex.o
                0x080024ec                HAL_NVIC_SetPriority
 .text.HAL_SYSTICK_Config
                0x08002524       0x18 Drivers\STM32F1xx_HAL_Driver\Src\stm32f1xx_hal_cortex.o
                0x08002524                HAL_SYSTICK_Config
 .text.HAL_SYSTICK_CLKSourceConfig
                0x0800253c       0x38 Drivers\STM32F1xx_HAL_Driver\Src\stm32f1xx_hal_cortex.o
                0x0800253c                HAL_SYSTICK_CLKSourceConfig
 .text.HAL_SYSTICK_IRQHandler
                0x08002574        0xc Drivers\STM32F1xx_HAL_Driver\Src\stm32f1xx_hal_cortex.o
                0x08002574                HAL_SYSTICK_IRQHandler
 .text.HAL_SYSTICK_Callback
                0x08002580        0xc Drivers\STM32F1xx_HAL_Driver\Src\stm32f1xx_hal_cortex.o
                0x08002580                HAL_SYSTICK_Callback
 .text.HAL_Init
                0x0800258c       0x2c Drivers\STM32F1xx_HAL_Driver\Src\stm32f1xx_hal.o
                0x0800258c                HAL_Init
 .text.HAL_InitTick
                0x080025b8       0x38 Drivers\STM32F1xx_HAL_Driver\Src\stm32f1xx_hal.o
                0x080025b8                HAL_InitTick
 .text.HAL_IncTick
                0x080025f0       0x1c Drivers\STM32F1xx_HAL_Driver\Src\stm32f1xx_hal.o
                0x080025f0                HAL_IncTick
 .text.HAL_GetTick
                0x0800260c       0x14 Drivers\STM32F1xx_HAL_Driver\Src\stm32f1xx_hal.o
                0x0800260c                HAL_GetTick
 .text.HAL_Delay
                0x08002620       0x2c Drivers\STM32F1xx_HAL_Driver\Src\stm32f1xx_hal.o
                0x08002620                HAL_Delay
 .text.SystemInit
                0x0800264c       0x68 Drivers\CMSIS\Device\ST\STM32F1xx\Source\Templates\system_stm32f1xx.o
                0x0800264c                SystemInit
 .text.Reset_Handler
                0x080026b4       0x48 Drivers\CMSIS\Device\ST\STM32F1xx\Source\Templates\gcc\startup_stm32f103xb.o
                0x080026b4                Reset_Handler
 .text.Default_Handler
                0x080026fc        0x2 Drivers\CMSIS\Device\ST\STM32F1xx\Source\Templates\gcc\startup_stm32f103xb.o
                0x080026fc                RTC_Alarm_IRQHandler
                0x080026fc                EXTI2_IRQHandler
                0x080026fc                DebugMon_Handler
                0x080026fc                TIM1_CC_IRQHandler
                0x080026fc                HardFault_Handler
                0x080026fc                PVD_IRQHandler
                0x080026fc                NMI_Handler
                0x080026fc                EXTI3_IRQHandler
                0x080026fc                EXTI0_IRQHandler
                0x080026fc                I2C2_EV_IRQHandler
                0x080026fc                UsageFault_Handler
                0x080026fc                ADC1_2_IRQHandler
                0x080026fc                SPI1_IRQHandler
                0x080026fc                TAMPER_IRQHandler
                0x080026fc                DMA1_Channel4_IRQHandler
                0x080026fc                USART3_IRQHandler
                0x080026fc                RTC_IRQHandler
                0x080026fc                DMA1_Channel7_IRQHandler
                0x080026fc                CAN1_RX1_IRQHandler
                0x080026fc                TIM4_IRQHandler
                0x080026fc                I2C1_EV_IRQHandler
                0x080026fc                DMA1_Channel6_IRQHandler
                0x080026fc                TIM3_IRQHandler
                0x080026fc                RCC_IRQHandler
                0x080026fc                TIM1_TRG_COM_IRQHandler
                0x080026fc                DMA1_Channel1_IRQHandler
                0x080026fc                Default_Handler
                0x080026fc                EXTI15_10_IRQHandler
                0x080026fc                EXTI9_5_IRQHandler
                0x080026fc                SPI2_IRQHandler
                0x080026fc                MemManage_Handler
                0x080026fc                DMA1_Channel5_IRQHandler
                0x080026fc                EXTI4_IRQHandler
                0x080026fc                USB_LP_CAN1_RX0_IRQHandler
                0x080026fc                USB_HP_CAN1_TX_IRQHandler
                0x080026fc                DMA1_Channel3_IRQHandler
                0x080026fc                TIM1_UP_IRQHandler
                0x080026fc                WWDG_IRQHandler
                0x080026fc                TIM2_IRQHandler
                0x080026fc                TIM1_BRK_IRQHandler
                0x080026fc                EXTI1_IRQHandler
                0x080026fc                USART2_IRQHandler
                0x080026fc                I2C2_ER_IRQHandler
                0x080026fc                DMA1_Channel2_IRQHandler
                0x080026fc                CAN1_SCE_IRQHandler
                0x080026fc                FLASH_IRQHandler
                0x080026fc                BusFault_Handler
                0x080026fc                USART1_IRQHandler
                0x080026fc                I2C1_ER_IRQHandler
                0x080026fc                USBWakeUp_IRQHandler
 *fill*         0x080026fe        0x2 
 .text.__libc_init_array
                0x08002700       0x4c f:/program files/truestudio for arm 5.5.2/armtools/bin/../lib/gcc/arm-atollic-eabi/5.3.1/../../../../arm-atollic-eabi/lib/armv7-m\libc.a(lib_a-init.o)
                0x08002700                __libc_init_array
 *(.glue_7)
 .glue_7        0x0800274c        0x0 linker stubs
 *(.glue_7t)
 .glue_7t       0x0800274c        0x0 linker stubs
 *(.eh_frame)
 .eh_frame      0x0800274c        0x0 f:/program files/truestudio for arm 5.5.2/armtools/bin/../lib/gcc/arm-atollic-eabi/5.3.1/armv7-m/crtbegin.o
 *(.init)
 .init          0x0800274c        0x4 f:/program files/truestudio for arm 5.5.2/armtools/bin/../lib/gcc/arm-atollic-eabi/5.3.1/armv7-m/crti.o
                0x0800274c                _init
 .init          0x08002750        0x8 f:/program files/truestudio for arm 5.5.2/armtools/bin/../lib/gcc/arm-atollic-eabi/5.3.1/armv7-m/crtn.o
 *(.fini)
 .fini          0x08002758        0x4 f:/program files/truestudio for arm 5.5.2/armtools/bin/../lib/gcc/arm-atollic-eabi/5.3.1/armv7-m/crti.o
                0x08002758                _fini
 .fini          0x0800275c        0x8 f:/program files/truestudio for arm 5.5.2/armtools/bin/../lib/gcc/arm-atollic-eabi/5.3.1/armv7-m/crtn.o
                0x08002764                . = ALIGN (0x4)
                0x08002764                _etext = .

.vfp11_veneer   0x08002764        0x0
 .vfp11_veneer  0x08002764        0x0 linker stubs

.v4_bx          0x08002764        0x0
 .v4_bx         0x08002764        0x0 linker stubs

.iplt           0x08002764        0x0
 .iplt          0x08002764        0x0 f:/program files/truestudio for arm 5.5.2/armtools/bin/../lib/gcc/arm-atollic-eabi/5.3.1/armv7-m/crtbegin.o

.rodata         0x08002764       0x2c
                0x08002764                . = ALIGN (0x4)
 *(.rodata)
 .rodata        0x08002764       0x12 Drivers\STM32F1xx_HAL_Driver\Src\stm32f1xx_hal_rcc.o
 *(.rodata*)
 *fill*         0x08002776        0x2 
 .rodata.AHBPrescTable
                0x08002778       0x10 Drivers\CMSIS\Device\ST\STM32F1xx\Source\Templates\system_stm32f1xx.o
                0x08002778                AHBPrescTable
 .rodata.APBPrescTable
                0x08002788        0x8 Drivers\CMSIS\Device\ST\STM32F1xx\Source\Templates\system_stm32f1xx.o
                0x08002788                APBPrescTable
                0x08002790                . = ALIGN (0x4)

.rel.dyn        0x08002790        0x0
 .rel.iplt      0x08002790        0x0 f:/program files/truestudio for arm 5.5.2/armtools/bin/../lib/gcc/arm-atollic-eabi/5.3.1/armv7-m/crtbegin.o

.ARM.extab
 *(.ARM.extab* .gnu.linkonce.armextab.*)

.ARM            0x08002790        0x0
                0x08002790                __exidx_start = .
 *(.ARM.exidx*)
                0x08002790                __exidx_end = .

.preinit_array  0x08002790        0x0
                0x08002790                PROVIDE (__preinit_array_start, .)
 *(.preinit_array*)
                0x08002790                PROVIDE (__preinit_array_end, .)

.init_array     0x08002790        0x4
                0x08002790                PROVIDE (__init_array_start, .)
 *(SORT(.init_array.*))
 *(.init_array*)
 .init_array    0x08002790        0x4 f:/program files/truestudio for arm 5.5.2/armtools/bin/../lib/gcc/arm-atollic-eabi/5.3.1/armv7-m/crtbegin.o
                0x08002794                PROVIDE (__init_array_end, .)

.fini_array     0x08002794        0x4
                [!provide]                PROVIDE (__fini_array_start, .)
 *(SORT(.fini_array.*))
 *(.fini_array*)
 .fini_array    0x08002794        0x4 f:/program files/truestudio for arm 5.5.2/armtools/bin/../lib/gcc/arm-atollic-eabi/5.3.1/armv7-m/crtbegin.o
                [!provide]                PROVIDE (__fini_array_end, .)
                0x08002798                _sidata = LOADADDR (.data)

.data           0x20000000       0xe0 load address 0x08002798
                0x20000000                . = ALIGN (0x4)
                0x20000000                _sdata = .
 *(.data)
 *(.data*)
 .data.st1      0x20000000       0x57 Src\main.o
                0x20000000                st1
 *fill*         0x20000057        0x1 
 .data.st2      0x20000058        0x3 Src\main.o
                0x20000058                st2
 *fill*         0x2000005b        0x1 
 .data.comm_1   0x2000005c       0x1c Src\main.o
                0x2000005c                comm_1
 .data.comm_2   0x20000078       0x19 Src\main.o
                0x20000078                comm_2
 *fill*         0x20000091        0x3 
 .data.comm_3   0x20000094        0xf Src\main.o
                0x20000094                comm_3
 *fill*         0x200000a3        0x1 
 .data.comm_4   0x200000a4        0xe Src\main.o
                0x200000a4                comm_4
 *fill*         0x200000b2        0x2 
 .data.comm_5   0x200000b4       0x14 Src\main.o
                0x200000b4                comm_5
 .data.comm_6   0x200000c8       0x12 Src\main.o
                0x200000c8                comm_6
 *fill*         0x200000da        0x2 
 .data.SystemCoreClock
                0x200000dc        0x4 Drivers\CMSIS\Device\ST\STM32F1xx\Source\Templates\system_stm32f1xx.o
                0x200000dc                SystemCoreClock
                0x200000e0                . = ALIGN (0x4)
                0x200000e0                _edata = .

.igot.plt       0x200000e0        0x0 load address 0x08002878
 .igot.plt      0x200000e0        0x0 f:/program files/truestudio for arm 5.5.2/armtools/bin/../lib/gcc/arm-atollic-eabi/5.3.1/armv7-m/crtbegin.o
                0x200000e0                . = ALIGN (0x4)

.bss            0x200000e0       0xdc load address 0x08002878
                0x200000e0                _sbss = .
                0x200000e0                __bss_start__ = _sbss
 *(.bss)
 .bss           0x200000e0       0x1c f:/program files/truestudio for arm 5.5.2/armtools/bin/../lib/gcc/arm-atollic-eabi/5.3.1/armv7-m/crtbegin.o
 *(.bss*)
 .bss.char_counter
                0x200000fc        0x1 Src\main.o
                0x200000fc                char_counter
 .bss.char_counter_tmp
                0x200000fd        0x1 Src\main.o
                0x200000fd                char_counter_tmp
 .bss.flag_x    0x200000fe        0x1 Src\main.o
                0x200000fe                flag_x
 *fill*         0x200000ff        0x1 
 .bss.uwTick    0x20000100        0x4 Drivers\STM32F1xx_HAL_Driver\Src\stm32f1xx_hal.o
 *(COMMON)
 COMMON         0x20000104       0xb5 Src\main.o
                0x20000104                huart3
                0x20000144                x_text
                0x20000178                huart1
                0x200001b8                ch
                0x200001bc                . = ALIGN (0x4)
 *fill*         0x200001b9        0x3 
                0x200001bc                _ebss = .
                0x200001bc                __bss_end__ = _ebss

._user_heap_stack
                0x200001bc      0x600 load address 0x08002878
                0x200001bc                . = ALIGN (0x4)
                [!provide]                PROVIDE (end, .)
                [!provide]                PROVIDE (_end, .)
                0x200003bc                . = (. + _Min_Heap_Size)
 *fill*         0x200001bc      0x200 
                0x200007bc                . = (. + _Min_Stack_Size)
 *fill*         0x200003bc      0x400 
                0x200007bc                . = ALIGN (0x4)

/DISCARD/
 libc.a(*)
 libm.a(*)
 libgcc.a(*)

.ARM.attributes
                0x00000000       0x29
 *(.ARM.attributes)
 .ARM.attributes
                0x00000000       0x1d f:/program files/truestudio for arm 5.5.2/armtools/bin/../lib/gcc/arm-atollic-eabi/5.3.1/armv7-m/crti.o
 .ARM.attributes
                0x0000001d       0x2d f:/program files/truestudio for arm 5.5.2/armtools/bin/../lib/gcc/arm-atollic-eabi/5.3.1/armv7-m/crtbegin.o
 .ARM.attributes
                0x0000004a       0x33 Src\stm32f1xx_it.o
 .ARM.attributes
                0x0000007d       0x33 Src\stm32f1xx_hal_msp.o
 .ARM.attributes
                0x000000b0       0x33 Src\main.o
 .ARM.attributes
                0x000000e3       0x33 Drivers\STM32F1xx_HAL_Driver\Src\stm32f1xx_hal_uart.o
 .ARM.attributes
                0x00000116       0x33 Drivers\STM32F1xx_HAL_Driver\Src\stm32f1xx_hal_rcc.o
 .ARM.attributes
                0x00000149       0x33 Drivers\STM32F1xx_HAL_Driver\Src\stm32f1xx_hal_gpio.o
 .ARM.attributes
                0x0000017c       0x33 Drivers\STM32F1xx_HAL_Driver\Src\stm32f1xx_hal_cortex.o
 .ARM.attributes
                0x000001af       0x33 Drivers\STM32F1xx_HAL_Driver\Src\stm32f1xx_hal.o
 .ARM.attributes
                0x000001e2       0x33 Drivers\CMSIS\Device\ST\STM32F1xx\Source\Templates\system_stm32f1xx.o
 .ARM.attributes
                0x00000215       0x21 Drivers\CMSIS\Device\ST\STM32F1xx\Source\Templates\gcc\startup_stm32f103xb.o
 .ARM.attributes
                0x00000236       0x2d f:/program files/truestudio for arm 5.5.2/armtools/bin/../lib/gcc/arm-atollic-eabi/5.3.1/../../../../arm-atollic-eabi/lib/armv7-m\libc.a(lib_a-init.o)
 .ARM.attributes
                0x00000263       0x1d f:/program files/truestudio for arm 5.5.2/armtools/bin/../lib/gcc/arm-atollic-eabi/5.3.1/armv7-m/crtn.o
OUTPUT(GPS_Tracker.elf elf32-littlearm)

.debug_info     0x00000000     0x51ca
 .debug_info    0x00000000       0xdb Src\stm32f1xx_it.o
 .debug_info    0x000000db      0x845 Src\stm32f1xx_hal_msp.o
 .debug_info    0x00000920      0xbbd Src\main.o
 .debug_info    0x000014dd      0xdf0 Drivers\STM32F1xx_HAL_Driver\Src\stm32f1xx_hal_uart.o
 .debug_info    0x000022cd     0x13f9 Drivers\STM32F1xx_HAL_Driver\Src\stm32f1xx_hal_rcc.o
 .debug_info    0x000036c6      0x5f5 Drivers\STM32F1xx_HAL_Driver\Src\stm32f1xx_hal_gpio.o
 .debug_info    0x00003cbb      0xabf Drivers\STM32F1xx_HAL_Driver\Src\stm32f1xx_hal_cortex.o
 .debug_info    0x0000477a      0x5e3 Drivers\STM32F1xx_HAL_Driver\Src\stm32f1xx_hal.o
 .debug_info    0x00004d5d      0x3e4 Drivers\CMSIS\Device\ST\STM32F1xx\Source\Templates\system_stm32f1xx.o
 .debug_info    0x00005141       0x89 Drivers\CMSIS\Device\ST\STM32F1xx\Source\Templates\gcc\startup_stm32f103xb.o

.debug_abbrev   0x00000000     0x1049
 .debug_abbrev  0x00000000       0x7f Src\stm32f1xx_it.o
 .debug_abbrev  0x0000007f      0x160 Src\stm32f1xx_hal_msp.o
 .debug_abbrev  0x000001df      0x295 Src\main.o
 .debug_abbrev  0x00000474      0x217 Drivers\STM32F1xx_HAL_Driver\Src\stm32f1xx_hal_uart.o
 .debug_abbrev  0x0000068b      0x276 Drivers\STM32F1xx_HAL_Driver\Src\stm32f1xx_hal_rcc.o
 .debug_abbrev  0x00000901      0x1ac Drivers\STM32F1xx_HAL_Driver\Src\stm32f1xx_hal_gpio.o
 .debug_abbrev  0x00000aad      0x270 Drivers\STM32F1xx_HAL_Driver\Src\stm32f1xx_hal_cortex.o
 .debug_abbrev  0x00000d1d      0x1f8 Drivers\STM32F1xx_HAL_Driver\Src\stm32f1xx_hal.o
 .debug_abbrev  0x00000f15      0x122 Drivers\CMSIS\Device\ST\STM32F1xx\Source\Templates\system_stm32f1xx.o
 .debug_abbrev  0x00001037       0x12 Drivers\CMSIS\Device\ST\STM32F1xx\Source\Templates\gcc\startup_stm32f103xb.o

.debug_aranges  0x00000000      0x500
 .debug_aranges
                0x00000000       0x30 Src\stm32f1xx_it.o
 .debug_aranges
                0x00000030       0x30 Src\stm32f1xx_hal_msp.o
 .debug_aranges
                0x00000060       0x70 Src\main.o
 .debug_aranges
                0x000000d0      0x150 Drivers\STM32F1xx_HAL_Driver\Src\stm32f1xx_hal_uart.o
 .debug_aranges
                0x00000220       0x88 Drivers\STM32F1xx_HAL_Driver\Src\stm32f1xx_hal_rcc.o
 .debug_aranges
                0x000002a8       0x58 Drivers\STM32F1xx_HAL_Driver\Src\stm32f1xx_hal_gpio.o
 .debug_aranges
                0x00000300      0x100 Drivers\STM32F1xx_HAL_Driver\Src\stm32f1xx_hal_cortex.o
 .debug_aranges
                0x00000400       0xb0 Drivers\STM32F1xx_HAL_Driver\Src\stm32f1xx_hal.o
 .debug_aranges
                0x000004b0       0x28 Drivers\CMSIS\Device\ST\STM32F1xx\Source\Templates\system_stm32f1xx.o
 .debug_aranges
                0x000004d8       0x28 Drivers\CMSIS\Device\ST\STM32F1xx\Source\Templates\gcc\startup_stm32f103xb.o

.debug_ranges   0x00000000      0x468
 .debug_ranges  0x00000000       0x20 Src\stm32f1xx_it.o
 .debug_ranges  0x00000020       0x20 Src\stm32f1xx_hal_msp.o
 .debug_ranges  0x00000040       0x60 Src\main.o
 .debug_ranges  0x000000a0      0x140 Drivers\STM32F1xx_HAL_Driver\Src\stm32f1xx_hal_uart.o
 .debug_ranges  0x000001e0       0x78 Drivers\STM32F1xx_HAL_Driver\Src\stm32f1xx_hal_rcc.o
 .debug_ranges  0x00000258       0x48 Drivers\STM32F1xx_HAL_Driver\Src\stm32f1xx_hal_gpio.o
 .debug_ranges  0x000002a0       0xf0 Drivers\STM32F1xx_HAL_Driver\Src\stm32f1xx_hal_cortex.o
 .debug_ranges  0x00000390       0xa0 Drivers\STM32F1xx_HAL_Driver\Src\stm32f1xx_hal.o
 .debug_ranges  0x00000430       0x18 Drivers\CMSIS\Device\ST\STM32F1xx\Source\Templates\system_stm32f1xx.o
 .debug_ranges  0x00000448       0x20 Drivers\CMSIS\Device\ST\STM32F1xx\Source\Templates\gcc\startup_stm32f103xb.o

.debug_line     0x00000000     0x283a
 .debug_line    0x00000000      0x156 Src\stm32f1xx_it.o
 .debug_line    0x00000156      0x247 Src\stm32f1xx_hal_msp.o
 .debug_line    0x0000039d      0x363 Src\main.o
 .debug_line    0x00000700      0x858 Drivers\STM32F1xx_HAL_Driver\Src\stm32f1xx_hal_uart.o
 .debug_line    0x00000f58      0xaf2 Drivers\STM32F1xx_HAL_Driver\Src\stm32f1xx_hal_rcc.o
 .debug_line    0x00001a4a      0x3d7 Drivers\STM32F1xx_HAL_Driver\Src\stm32f1xx_hal_gpio.o
 .debug_line    0x00001e21      0x43b Drivers\STM32F1xx_HAL_Driver\Src\stm32f1xx_hal_cortex.o
 .debug_line    0x0000225c      0x341 Drivers\STM32F1xx_HAL_Driver\Src\stm32f1xx_hal.o
 .debug_line    0x0000259d      0x1f1 Drivers\CMSIS\Device\ST\STM32F1xx\Source\Templates\system_stm32f1xx.o
 .debug_line    0x0000278e       0xac Drivers\CMSIS\Device\ST\STM32F1xx\Source\Templates\gcc\startup_stm32f103xb.o

.debug_str      0x00000000     0x1787
 .debug_str     0x00000000      0x169 Src\stm32f1xx_it.o
                                0x1aa (size before relaxing)
 .debug_str     0x00000169      0x723 Src\stm32f1xx_hal_msp.o
                                0x8d1 (size before relaxing)
 .debug_str     0x0000088c      0x25e Src\main.o
                                0xab6 (size before relaxing)
 .debug_str     0x00000aea      0x3a1 Drivers\STM32F1xx_HAL_Driver\Src\stm32f1xx_hal_uart.o
                                0x927 (size before relaxing)
 .debug_str     0x00000e8b      0x243 Drivers\STM32F1xx_HAL_Driver\Src\stm32f1xx_hal_rcc.o
                                0x5d0 (size before relaxing)
 .debug_str     0x000010ce      0x151 Drivers\STM32F1xx_HAL_Driver\Src\stm32f1xx_hal_gpio.o
                                0x404 (size before relaxing)
 .debug_str     0x0000121f      0x339 Drivers\STM32F1xx_HAL_Driver\Src\stm32f1xx_hal_cortex.o
                                0x8a9 (size before relaxing)
 .debug_str     0x00001558      0x1b3 Drivers\STM32F1xx_HAL_Driver\Src\stm32f1xx_hal.o
                                0x6f2 (size before relaxing)
 .debug_str     0x0000170b       0x7c Drivers\CMSIS\Device\ST\STM32F1xx\Source\Templates\system_stm32f1xx.o
                                0x2da (size before relaxing)

.comment        0x00000000       0x7e
 .comment       0x00000000       0x7e Src\stm32f1xx_it.o
                                 0x7f (size before relaxing)
 .comment       0x0000007e       0x7f Src\stm32f1xx_hal_msp.o
 .comment       0x0000007e       0x7f Src\main.o
 .comment       0x0000007e       0x7f Drivers\STM32F1xx_HAL_Driver\Src\stm32f1xx_hal_uart.o
 .comment       0x0000007e       0x7f Drivers\STM32F1xx_HAL_Driver\Src\stm32f1xx_hal_rcc.o
 .comment       0x0000007e       0x7f Drivers\STM32F1xx_HAL_Driver\Src\stm32f1xx_hal_gpio.o
 .comment       0x0000007e       0x7f Drivers\STM32F1xx_HAL_Driver\Src\stm32f1xx_hal_cortex.o
 .comment       0x0000007e       0x7f Drivers\STM32F1xx_HAL_Driver\Src\stm32f1xx_hal.o
 .comment       0x0000007e       0x7f Drivers\CMSIS\Device\ST\STM32F1xx\Source\Templates\system_stm32f1xx.o

.debug_frame    0x00000000     0x12bc
 .debug_frame   0x00000000       0x6c Src\stm32f1xx_it.o
 .debug_frame   0x0000006c       0x7c Src\stm32f1xx_hal_msp.o
 .debug_frame   0x000000e8      0x168 Src\main.o
 .debug_frame   0x00000250      0x5e0 Drivers\STM32F1xx_HAL_Driver\Src\stm32f1xx_hal_uart.o
 .debug_frame   0x00000830      0x21c Drivers\STM32F1xx_HAL_Driver\Src\stm32f1xx_hal_rcc.o
 .debug_frame   0x00000a4c      0x14c Drivers\STM32F1xx_HAL_Driver\Src\stm32f1xx_hal_gpio.o
 .debug_frame   0x00000b98      0x428 Drivers\STM32F1xx_HAL_Driver\Src\stm32f1xx_hal_cortex.o
 .debug_frame   0x00000fc0      0x278 Drivers\STM32F1xx_HAL_Driver\Src\stm32f1xx_hal.o
 .debug_frame   0x00001238       0x58 Drivers\CMSIS\Device\ST\STM32F1xx\Source\Templates\system_stm32f1xx.o
 .debug_frame   0x00001290       0x2c f:/program files/truestudio for arm 5.5.2/armtools/bin/../lib/gcc/arm-atollic-eabi/5.3.1/../../../../arm-atollic-eabi/lib/armv7-m\libc.a(lib_a-init.o)

Cross Reference Table

Symbol                                            File
ADC1_2_IRQHandler                                 Drivers\CMSIS\Device\ST\STM32F1xx\Source\Templates\gcc\startup_stm32f103xb.o
AHBPrescTable                                     Drivers\CMSIS\Device\ST\STM32F1xx\Source\Templates\system_stm32f1xx.o
                                                  Drivers\STM32F1xx_HAL_Driver\Src\stm32f1xx_hal_rcc.o
APBPrescTable                                     Drivers\CMSIS\Device\ST\STM32F1xx\Source\Templates\system_stm32f1xx.o
                                                  Drivers\STM32F1xx_HAL_Driver\Src\stm32f1xx_hal_rcc.o
BusFault_Handler                                  Drivers\CMSIS\Device\ST\STM32F1xx\Source\Templates\gcc\startup_stm32f103xb.o
CAN1_RX1_IRQHandler                               Drivers\CMSIS\Device\ST\STM32F1xx\Source\Templates\gcc\startup_stm32f103xb.o
CAN1_SCE_IRQHandler                               Drivers\CMSIS\Device\ST\STM32F1xx\Source\Templates\gcc\startup_stm32f103xb.o
DMA1_Channel1_IRQHandler                          Drivers\CMSIS\Device\ST\STM32F1xx\Source\Templates\gcc\startup_stm32f103xb.o
DMA1_Channel2_IRQHandler                          Drivers\CMSIS\Device\ST\STM32F1xx\Source\Templates\gcc\startup_stm32f103xb.o
DMA1_Channel3_IRQHandler                          Drivers\CMSIS\Device\ST\STM32F1xx\Source\Templates\gcc\startup_stm32f103xb.o
DMA1_Channel4_IRQHandler                          Drivers\CMSIS\Device\ST\STM32F1xx\Source\Templates\gcc\startup_stm32f103xb.o
DMA1_Channel5_IRQHandler                          Drivers\CMSIS\Device\ST\STM32F1xx\Source\Templates\gcc\startup_stm32f103xb.o
DMA1_Channel6_IRQHandler                          Drivers\CMSIS\Device\ST\STM32F1xx\Source\Templates\gcc\startup_stm32f103xb.o
DMA1_Channel7_IRQHandler                          Drivers\CMSIS\Device\ST\STM32F1xx\Source\Templates\gcc\startup_stm32f103xb.o
DebugMon_Handler                                  Drivers\CMSIS\Device\ST\STM32F1xx\Source\Templates\gcc\startup_stm32f103xb.o
Default_Handler                                   Drivers\CMSIS\Device\ST\STM32F1xx\Source\Templates\gcc\startup_stm32f103xb.o
EXTI0_IRQHandler                                  Drivers\CMSIS\Device\ST\STM32F1xx\Source\Templates\gcc\startup_stm32f103xb.o
EXTI15_10_IRQHandler                              Drivers\CMSIS\Device\ST\STM32F1xx\Source\Templates\gcc\startup_stm32f103xb.o
EXTI1_IRQHandler                                  Drivers\CMSIS\Device\ST\STM32F1xx\Source\Templates\gcc\startup_stm32f103xb.o
EXTI2_IRQHandler                                  Drivers\CMSIS\Device\ST\STM32F1xx\Source\Templates\gcc\startup_stm32f103xb.o
EXTI3_IRQHandler                                  Drivers\CMSIS\Device\ST\STM32F1xx\Source\Templates\gcc\startup_stm32f103xb.o
EXTI4_IRQHandler                                  Drivers\CMSIS\Device\ST\STM32F1xx\Source\Templates\gcc\startup_stm32f103xb.o
EXTI9_5_IRQHandler                                Drivers\CMSIS\Device\ST\STM32F1xx\Source\Templates\gcc\startup_stm32f103xb.o
Error_Handler                                     Src\main.o
FLASH_IRQHandler                                  Drivers\CMSIS\Device\ST\STM32F1xx\Source\Templates\gcc\startup_stm32f103xb.o
FLASH_PageErase                                   Drivers\STM32F1xx_HAL_Driver\Src\stm32f1xx_hal_flash_ex.o
                                                  Drivers\STM32F1xx_HAL_Driver\Src\stm32f1xx_hal_flash.o
FLASH_WaitForLastOperation                        Drivers\STM32F1xx_HAL_Driver\Src\stm32f1xx_hal_flash.o
                                                  Drivers\STM32F1xx_HAL_Driver\Src\stm32f1xx_hal_flash_ex.o
GPS_USART_RX_ISR                                  Src\main.o
HAL_DBGMCU_DisableDBGSleepMode                    Drivers\STM32F1xx_HAL_Driver\Src\stm32f1xx_hal.o
HAL_DBGMCU_DisableDBGStandbyMode                  Drivers\STM32F1xx_HAL_Driver\Src\stm32f1xx_hal.o
HAL_DBGMCU_DisableDBGStopMode                     Drivers\STM32F1xx_HAL_Driver\Src\stm32f1xx_hal.o
HAL_DBGMCU_EnableDBGSleepMode                     Drivers\STM32F1xx_HAL_Driver\Src\stm32f1xx_hal.o
HAL_DBGMCU_EnableDBGStandbyMode                   Drivers\STM32F1xx_HAL_Driver\Src\stm32f1xx_hal.o
HAL_DBGMCU_EnableDBGStopMode                      Drivers\STM32F1xx_HAL_Driver\Src\stm32f1xx_hal.o
HAL_DMA_Abort                                     Drivers\STM32F1xx_HAL_Driver\Src\stm32f1xx_hal_dma.o
                                                  Drivers\STM32F1xx_HAL_Driver\Src\stm32f1xx_hal_uart.o
HAL_DMA_DeInit                                    Drivers\STM32F1xx_HAL_Driver\Src\stm32f1xx_hal_dma.o
HAL_DMA_GetError                                  Drivers\STM32F1xx_HAL_Driver\Src\stm32f1xx_hal_dma.o
HAL_DMA_GetState                                  Drivers\STM32F1xx_HAL_Driver\Src\stm32f1xx_hal_dma.o
HAL_DMA_IRQHandler                                Drivers\STM32F1xx_HAL_Driver\Src\stm32f1xx_hal_dma.o
HAL_DMA_Init                                      Drivers\STM32F1xx_HAL_Driver\Src\stm32f1xx_hal_dma.o
HAL_DMA_PollForTransfer                           Drivers\STM32F1xx_HAL_Driver\Src\stm32f1xx_hal_dma.o
HAL_DMA_Start                                     Drivers\STM32F1xx_HAL_Driver\Src\stm32f1xx_hal_dma.o
HAL_DMA_Start_IT                                  Drivers\STM32F1xx_HAL_Driver\Src\stm32f1xx_hal_dma.o
                                                  Drivers\STM32F1xx_HAL_Driver\Src\stm32f1xx_hal_uart.o
HAL_DeInit                                        Drivers\STM32F1xx_HAL_Driver\Src\stm32f1xx_hal.o
HAL_Delay                                         Drivers\STM32F1xx_HAL_Driver\Src\stm32f1xx_hal.o
                                                  Drivers\STM32F1xx_HAL_Driver\Src\stm32f1xx_hal_rcc.o
HAL_FLASHEx_Erase                                 Drivers\STM32F1xx_HAL_Driver\Src\stm32f1xx_hal_flash_ex.o
HAL_FLASHEx_Erase_IT                              Drivers\STM32F1xx_HAL_Driver\Src\stm32f1xx_hal_flash_ex.o
HAL_FLASHEx_OBErase                               Drivers\STM32F1xx_HAL_Driver\Src\stm32f1xx_hal_flash_ex.o
HAL_FLASHEx_OBGetConfig                           Drivers\STM32F1xx_HAL_Driver\Src\stm32f1xx_hal_flash_ex.o
HAL_FLASHEx_OBGetUserData                         Drivers\STM32F1xx_HAL_Driver\Src\stm32f1xx_hal_flash_ex.o
HAL_FLASHEx_OBProgram                             Drivers\STM32F1xx_HAL_Driver\Src\stm32f1xx_hal_flash_ex.o
HAL_FLASH_EndOfOperationCallback                  Drivers\STM32F1xx_HAL_Driver\Src\stm32f1xx_hal_flash.o
HAL_FLASH_GetError                                Drivers\STM32F1xx_HAL_Driver\Src\stm32f1xx_hal_flash.o
HAL_FLASH_IRQHandler                              Drivers\STM32F1xx_HAL_Driver\Src\stm32f1xx_hal_flash.o
HAL_FLASH_Lock                                    Drivers\STM32F1xx_HAL_Driver\Src\stm32f1xx_hal_flash.o
HAL_FLASH_OB_Launch                               Drivers\STM32F1xx_HAL_Driver\Src\stm32f1xx_hal_flash.o
HAL_FLASH_OB_Lock                                 Drivers\STM32F1xx_HAL_Driver\Src\stm32f1xx_hal_flash.o
HAL_FLASH_OB_Unlock                               Drivers\STM32F1xx_HAL_Driver\Src\stm32f1xx_hal_flash.o
HAL_FLASH_OperationErrorCallback                  Drivers\STM32F1xx_HAL_Driver\Src\stm32f1xx_hal_flash.o
HAL_FLASH_Program                                 Drivers\STM32F1xx_HAL_Driver\Src\stm32f1xx_hal_flash.o
HAL_FLASH_Program_IT                              Drivers\STM32F1xx_HAL_Driver\Src\stm32f1xx_hal_flash.o
HAL_FLASH_Unlock                                  Drivers\STM32F1xx_HAL_Driver\Src\stm32f1xx_hal_flash.o
HAL_GPIOEx_ConfigEventout                         Drivers\STM32F1xx_HAL_Driver\Src\stm32f1xx_hal_gpio_ex.o
HAL_GPIOEx_DisableEventout                        Drivers\STM32F1xx_HAL_Driver\Src\stm32f1xx_hal_gpio_ex.o
HAL_GPIOEx_EnableEventout                         Drivers\STM32F1xx_HAL_Driver\Src\stm32f1xx_hal_gpio_ex.o
HAL_GPIO_DeInit                                   Drivers\STM32F1xx_HAL_Driver\Src\stm32f1xx_hal_gpio.o
                                                  Src\stm32f1xx_hal_msp.o
HAL_GPIO_EXTI_Callback                            Drivers\STM32F1xx_HAL_Driver\Src\stm32f1xx_hal_gpio.o
HAL_GPIO_EXTI_IRQHandler                          Drivers\STM32F1xx_HAL_Driver\Src\stm32f1xx_hal_gpio.o
HAL_GPIO_Init                                     Drivers\STM32F1xx_HAL_Driver\Src\stm32f1xx_hal_gpio.o
                                                  Drivers\STM32F1xx_HAL_Driver\Src\stm32f1xx_hal_rcc.o
                                                  Src\main.o
                                                  Src\stm32f1xx_hal_msp.o
HAL_GPIO_LockPin                                  Drivers\STM32F1xx_HAL_Driver\Src\stm32f1xx_hal_gpio.o
HAL_GPIO_ReadPin                                  Drivers\STM32F1xx_HAL_Driver\Src\stm32f1xx_hal_gpio.o
HAL_GPIO_TogglePin                                Drivers\STM32F1xx_HAL_Driver\Src\stm32f1xx_hal_gpio.o
HAL_GPIO_WritePin                                 Drivers\STM32F1xx_HAL_Driver\Src\stm32f1xx_hal_gpio.o
                                                  Src\main.o
HAL_GetDEVID                                      Drivers\STM32F1xx_HAL_Driver\Src\stm32f1xx_hal.o
HAL_GetHalVersion                                 Drivers\STM32F1xx_HAL_Driver\Src\stm32f1xx_hal.o
HAL_GetREVID                                      Drivers\STM32F1xx_HAL_Driver\Src\stm32f1xx_hal.o
HAL_GetTick                                       Drivers\STM32F1xx_HAL_Driver\Src\stm32f1xx_hal.o
                                                  Drivers\STM32F1xx_HAL_Driver\Src\stm32f1xx_hal_dma.o
                                                  Drivers\STM32F1xx_HAL_Driver\Src\stm32f1xx_hal_flash.o
                                                  Drivers\STM32F1xx_HAL_Driver\Src\stm32f1xx_hal_rcc.o
                                                  Drivers\STM32F1xx_HAL_Driver\Src\stm32f1xx_hal_rcc_ex.o
                                                  Drivers\STM32F1xx_HAL_Driver\Src\stm32f1xx_hal_uart.o
HAL_HalfDuplex_EnableReceiver                     Drivers\STM32F1xx_HAL_Driver\Src\stm32f1xx_hal_uart.o
HAL_HalfDuplex_EnableTransmitter                  Drivers\STM32F1xx_HAL_Driver\Src\stm32f1xx_hal_uart.o
HAL_HalfDuplex_Init                               Drivers\STM32F1xx_HAL_Driver\Src\stm32f1xx_hal_uart.o
HAL_IncTick                                       Drivers\STM32F1xx_HAL_Driver\Src\stm32f1xx_hal.o
                                                  Src\stm32f1xx_it.o
HAL_Init                                          Drivers\STM32F1xx_HAL_Driver\Src\stm32f1xx_hal.o
                                                  Src\main.o
HAL_InitTick                                      Drivers\STM32F1xx_HAL_Driver\Src\stm32f1xx_hal.o
                                                  Drivers\STM32F1xx_HAL_Driver\Src\stm32f1xx_hal_rcc.o
HAL_LIN_Init                                      Drivers\STM32F1xx_HAL_Driver\Src\stm32f1xx_hal_uart.o
HAL_LIN_SendBreak                                 Drivers\STM32F1xx_HAL_Driver\Src\stm32f1xx_hal_uart.o
HAL_MspDeInit                                     Drivers\STM32F1xx_HAL_Driver\Src\stm32f1xx_hal.o
HAL_MspInit                                       Src\stm32f1xx_hal_msp.o
HAL_MultiProcessor_EnterMuteMode                  Drivers\STM32F1xx_HAL_Driver\Src\stm32f1xx_hal_uart.o
HAL_MultiProcessor_ExitMuteMode                   Drivers\STM32F1xx_HAL_Driver\Src\stm32f1xx_hal_uart.o
HAL_MultiProcessor_Init                           Drivers\STM32F1xx_HAL_Driver\Src\stm32f1xx_hal_uart.o
HAL_NVIC_ClearPendingIRQ                          Drivers\STM32F1xx_HAL_Driver\Src\stm32f1xx_hal_cortex.o
HAL_NVIC_DisableIRQ                               Drivers\STM32F1xx_HAL_Driver\Src\stm32f1xx_hal_cortex.o
HAL_NVIC_EnableIRQ                                Drivers\STM32F1xx_HAL_Driver\Src\stm32f1xx_hal_cortex.o
HAL_NVIC_GetActive                                Drivers\STM32F1xx_HAL_Driver\Src\stm32f1xx_hal_cortex.o
HAL_NVIC_GetPendingIRQ                            Drivers\STM32F1xx_HAL_Driver\Src\stm32f1xx_hal_cortex.o
HAL_NVIC_GetPriority                              Drivers\STM32F1xx_HAL_Driver\Src\stm32f1xx_hal_cortex.o
HAL_NVIC_GetPriorityGrouping                      Drivers\STM32F1xx_HAL_Driver\Src\stm32f1xx_hal_cortex.o
HAL_NVIC_SetPendingIRQ                            Drivers\STM32F1xx_HAL_Driver\Src\stm32f1xx_hal_cortex.o
HAL_NVIC_SetPriority                              Drivers\STM32F1xx_HAL_Driver\Src\stm32f1xx_hal_cortex.o
                                                  Drivers\STM32F1xx_HAL_Driver\Src\stm32f1xx_hal.o
                                                  Src\main.o
                                                  Src\stm32f1xx_hal_msp.o
HAL_NVIC_SetPriorityGrouping                      Drivers\STM32F1xx_HAL_Driver\Src\stm32f1xx_hal_cortex.o
                                                  Drivers\STM32F1xx_HAL_Driver\Src\stm32f1xx_hal.o
                                                  Src\stm32f1xx_hal_msp.o
HAL_NVIC_SystemReset                              Drivers\STM32F1xx_HAL_Driver\Src\stm32f1xx_hal_cortex.o
                                                  Drivers\STM32F1xx_HAL_Driver\Src\stm32f1xx_hal_flash.o
HAL_PWR_ConfigPVD                                 Drivers\STM32F1xx_HAL_Driver\Src\stm32f1xx_hal_pwr.o
HAL_PWR_DeInit                                    Drivers\STM32F1xx_HAL_Driver\Src\stm32f1xx_hal_pwr.o
HAL_PWR_DisableBkUpAccess                         Drivers\STM32F1xx_HAL_Driver\Src\stm32f1xx_hal_pwr.o
HAL_PWR_DisablePVD                                Drivers\STM32F1xx_HAL_Driver\Src\stm32f1xx_hal_pwr.o
HAL_PWR_DisableSEVOnPend                          Drivers\STM32F1xx_HAL_Driver\Src\stm32f1xx_hal_pwr.o
HAL_PWR_DisableSleepOnExit                        Drivers\STM32F1xx_HAL_Driver\Src\stm32f1xx_hal_pwr.o
HAL_PWR_DisableWakeUpPin                          Drivers\STM32F1xx_HAL_Driver\Src\stm32f1xx_hal_pwr.o
HAL_PWR_EnableBkUpAccess                          Drivers\STM32F1xx_HAL_Driver\Src\stm32f1xx_hal_pwr.o
HAL_PWR_EnablePVD                                 Drivers\STM32F1xx_HAL_Driver\Src\stm32f1xx_hal_pwr.o
HAL_PWR_EnableSEVOnPend                           Drivers\STM32F1xx_HAL_Driver\Src\stm32f1xx_hal_pwr.o
HAL_PWR_EnableSleepOnExit                         Drivers\STM32F1xx_HAL_Driver\Src\stm32f1xx_hal_pwr.o
HAL_PWR_EnableWakeUpPin                           Drivers\STM32F1xx_HAL_Driver\Src\stm32f1xx_hal_pwr.o
HAL_PWR_EnterSLEEPMode                            Drivers\STM32F1xx_HAL_Driver\Src\stm32f1xx_hal_pwr.o
HAL_PWR_EnterSTANDBYMode                          Drivers\STM32F1xx_HAL_Driver\Src\stm32f1xx_hal_pwr.o
HAL_PWR_EnterSTOPMode                             Drivers\STM32F1xx_HAL_Driver\Src\stm32f1xx_hal_pwr.o
HAL_PWR_PVDCallback                               Drivers\STM32F1xx_HAL_Driver\Src\stm32f1xx_hal_pwr.o
HAL_PWR_PVD_IRQHandler                            Drivers\STM32F1xx_HAL_Driver\Src\stm32f1xx_hal_pwr.o
HAL_RCCEx_GetPeriphCLKConfig                      Drivers\STM32F1xx_HAL_Driver\Src\stm32f1xx_hal_rcc_ex.o
HAL_RCCEx_GetPeriphCLKFreq                        Drivers\STM32F1xx_HAL_Driver\Src\stm32f1xx_hal_rcc_ex.o
HAL_RCCEx_PeriphCLKConfig                         Drivers\STM32F1xx_HAL_Driver\Src\stm32f1xx_hal_rcc_ex.o
HAL_RCC_CSSCallback                               Drivers\STM32F1xx_HAL_Driver\Src\stm32f1xx_hal_rcc.o
HAL_RCC_ClockConfig                               Drivers\STM32F1xx_HAL_Driver\Src\stm32f1xx_hal_rcc.o
                                                  Src\main.o
HAL_RCC_DeInit                                    Drivers\STM32F1xx_HAL_Driver\Src\stm32f1xx_hal_rcc.o
HAL_RCC_DisableCSS                                Drivers\STM32F1xx_HAL_Driver\Src\stm32f1xx_hal_rcc.o
HAL_RCC_EnableCSS                                 Drivers\STM32F1xx_HAL_Driver\Src\stm32f1xx_hal_rcc.o
HAL_RCC_GetClockConfig                            Drivers\STM32F1xx_HAL_Driver\Src\stm32f1xx_hal_rcc.o
HAL_RCC_GetHCLKFreq                               Drivers\STM32F1xx_HAL_Driver\Src\stm32f1xx_hal_rcc.o
                                                  Drivers\STM32F1xx_HAL_Driver\Src\stm32f1xx_hal.o
                                                  Src\main.o
HAL_RCC_GetOscConfig                              Drivers\STM32F1xx_HAL_Driver\Src\stm32f1xx_hal_rcc.o
HAL_RCC_GetPCLK1Freq                              Drivers\STM32F1xx_HAL_Driver\Src\stm32f1xx_hal_rcc.o
                                                  Drivers\STM32F1xx_HAL_Driver\Src\stm32f1xx_hal_uart.o
HAL_RCC_GetPCLK2Freq                              Drivers\STM32F1xx_HAL_Driver\Src\stm32f1xx_hal_rcc.o
                                                  Drivers\STM32F1xx_HAL_Driver\Src\stm32f1xx_hal_rcc_ex.o
                                                  Drivers\STM32F1xx_HAL_Driver\Src\stm32f1xx_hal_uart.o
HAL_RCC_GetSysClockFreq                           Drivers\STM32F1xx_HAL_Driver\Src\stm32f1xx_hal_rcc.o
HAL_RCC_MCOConfig                                 Drivers\STM32F1xx_HAL_Driver\Src\stm32f1xx_hal_rcc.o
HAL_RCC_NMI_IRQHandler                            Drivers\STM32F1xx_HAL_Driver\Src\stm32f1xx_hal_rcc.o
HAL_RCC_OscConfig                                 Drivers\STM32F1xx_HAL_Driver\Src\stm32f1xx_hal_rcc.o
                                                  Src\main.o
HAL_ResumeTick                                    Drivers\STM32F1xx_HAL_Driver\Src\stm32f1xx_hal.o
HAL_SYSTICK_CLKSourceConfig                       Drivers\STM32F1xx_HAL_Driver\Src\stm32f1xx_hal_cortex.o
                                                  Src\main.o
HAL_SYSTICK_Callback                              Drivers\STM32F1xx_HAL_Driver\Src\stm32f1xx_hal_cortex.o
HAL_SYSTICK_Config                                Drivers\STM32F1xx_HAL_Driver\Src\stm32f1xx_hal_cortex.o
                                                  Drivers\STM32F1xx_HAL_Driver\Src\stm32f1xx_hal.o
                                                  Src\main.o
HAL_SYSTICK_IRQHandler                            Drivers\STM32F1xx_HAL_Driver\Src\stm32f1xx_hal_cortex.o
                                                  Src\stm32f1xx_it.o
HAL_SuspendTick                                   Drivers\STM32F1xx_HAL_Driver\Src\stm32f1xx_hal.o
HAL_UART_DMAPause                                 Drivers\STM32F1xx_HAL_Driver\Src\stm32f1xx_hal_uart.o
HAL_UART_DMAResume                                Drivers\STM32F1xx_HAL_Driver\Src\stm32f1xx_hal_uart.o
HAL_UART_DMAStop                                  Drivers\STM32F1xx_HAL_Driver\Src\stm32f1xx_hal_uart.o
HAL_UART_DeInit                                   Drivers\STM32F1xx_HAL_Driver\Src\stm32f1xx_hal_uart.o
HAL_UART_ErrorCallback                            Drivers\STM32F1xx_HAL_Driver\Src\stm32f1xx_hal_uart.o
HAL_UART_GetError                                 Drivers\STM32F1xx_HAL_Driver\Src\stm32f1xx_hal_uart.o
HAL_UART_GetState                                 Drivers\STM32F1xx_HAL_Driver\Src\stm32f1xx_hal_uart.o
HAL_UART_IRQHandler                               Drivers\STM32F1xx_HAL_Driver\Src\stm32f1xx_hal_uart.o
HAL_UART_Init                                     Drivers\STM32F1xx_HAL_Driver\Src\stm32f1xx_hal_uart.o
                                                  Src\main.o
HAL_UART_MspDeInit                                Src\stm32f1xx_hal_msp.o
HAL_UART_MspInit                                  Src\stm32f1xx_hal_msp.o
HAL_UART_Receive                                  Drivers\STM32F1xx_HAL_Driver\Src\stm32f1xx_hal_uart.o
HAL_UART_Receive_DMA                              Drivers\STM32F1xx_HAL_Driver\Src\stm32f1xx_hal_uart.o
HAL_UART_Receive_IT                               Drivers\STM32F1xx_HAL_Driver\Src\stm32f1xx_hal_uart.o
HAL_UART_RxCpltCallback                           Drivers\STM32F1xx_HAL_Driver\Src\stm32f1xx_hal_uart.o
HAL_UART_RxHalfCpltCallback                       Drivers\STM32F1xx_HAL_Driver\Src\stm32f1xx_hal_uart.o
HAL_UART_Transmit                                 Drivers\STM32F1xx_HAL_Driver\Src\stm32f1xx_hal_uart.o
                                                  Src\main.o
HAL_UART_Transmit_DMA                             Drivers\STM32F1xx_HAL_Driver\Src\stm32f1xx_hal_uart.o
HAL_UART_Transmit_IT                              Drivers\STM32F1xx_HAL_Driver\Src\stm32f1xx_hal_uart.o
HAL_UART_TxCpltCallback                           Drivers\STM32F1xx_HAL_Driver\Src\stm32f1xx_hal_uart.o
HAL_UART_TxHalfCpltCallback                       Drivers\STM32F1xx_HAL_Driver\Src\stm32f1xx_hal_uart.o
HardFault_Handler                                 Drivers\CMSIS\Device\ST\STM32F1xx\Source\Templates\gcc\startup_stm32f103xb.o
I2C1_ER_IRQHandler                                Drivers\CMSIS\Device\ST\STM32F1xx\Source\Templates\gcc\startup_stm32f103xb.o
I2C1_EV_IRQHandler                                Drivers\CMSIS\Device\ST\STM32F1xx\Source\Templates\gcc\startup_stm32f103xb.o
I2C2_ER_IRQHandler                                Drivers\CMSIS\Device\ST\STM32F1xx\Source\Templates\gcc\startup_stm32f103xb.o
I2C2_EV_IRQHandler                                Drivers\CMSIS\Device\ST\STM32F1xx\Source\Templates\gcc\startup_stm32f103xb.o
MemManage_Handler                                 Drivers\CMSIS\Device\ST\STM32F1xx\Source\Templates\gcc\startup_stm32f103xb.o
NMI_Handler                                       Drivers\CMSIS\Device\ST\STM32F1xx\Source\Templates\gcc\startup_stm32f103xb.o
PVD_IRQHandler                                    Drivers\CMSIS\Device\ST\STM32F1xx\Source\Templates\gcc\startup_stm32f103xb.o
PendSV_Handler                                    Src\stm32f1xx_it.o
RCC_IRQHandler                                    Drivers\CMSIS\Device\ST\STM32F1xx\Source\Templates\gcc\startup_stm32f103xb.o
RTC_Alarm_IRQHandler                              Drivers\CMSIS\Device\ST\STM32F1xx\Source\Templates\gcc\startup_stm32f103xb.o
RTC_IRQHandler                                    Drivers\CMSIS\Device\ST\STM32F1xx\Source\Templates\gcc\startup_stm32f103xb.o
Reset_Handler                                     Drivers\CMSIS\Device\ST\STM32F1xx\Source\Templates\gcc\startup_stm32f103xb.o
SPI1_IRQHandler                                   Drivers\CMSIS\Device\ST\STM32F1xx\Source\Templates\gcc\startup_stm32f103xb.o
SPI2_IRQHandler                                   Drivers\CMSIS\Device\ST\STM32F1xx\Source\Templates\gcc\startup_stm32f103xb.o
SVC_Handler                                       Src\stm32f1xx_it.o
S_delay_ms                                        Src\main.o
SysTick_Handler                                   Src\stm32f1xx_it.o
SystemClock_Config                                Src\main.o
SystemCoreClock                                   Drivers\CMSIS\Device\ST\STM32F1xx\Source\Templates\system_stm32f1xx.o
                                                  Drivers\STM32F1xx_HAL_Driver\Src\stm32f1xx_hal_rcc.o
SystemCoreClockUpdate                             Drivers\CMSIS\Device\ST\STM32F1xx\Source\Templates\system_stm32f1xx.o
SystemInit                                        Drivers\CMSIS\Device\ST\STM32F1xx\Source\Templates\system_stm32f1xx.o
                                                  Drivers\CMSIS\Device\ST\STM32F1xx\Source\Templates\gcc\startup_stm32f103xb.o
TAMPER_IRQHandler                                 Drivers\CMSIS\Device\ST\STM32F1xx\Source\Templates\gcc\startup_stm32f103xb.o
TIM1_BRK_IRQHandler                               Drivers\CMSIS\Device\ST\STM32F1xx\Source\Templates\gcc\startup_stm32f103xb.o
TIM1_CC_IRQHandler                                Drivers\CMSIS\Device\ST\STM32F1xx\Source\Templates\gcc\startup_stm32f103xb.o
TIM1_TRG_COM_IRQHandler                           Drivers\CMSIS\Device\ST\STM32F1xx\Source\Templates\gcc\startup_stm32f103xb.o
TIM1_UP_IRQHandler                                Drivers\CMSIS\Device\ST\STM32F1xx\Source\Templates\gcc\startup_stm32f103xb.o
TIM2_IRQHandler                                   Drivers\CMSIS\Device\ST\STM32F1xx\Source\Templates\gcc\startup_stm32f103xb.o
TIM3_IRQHandler                                   Drivers\CMSIS\Device\ST\STM32F1xx\Source\Templates\gcc\startup_stm32f103xb.o
TIM4_IRQHandler                                   Drivers\CMSIS\Device\ST\STM32F1xx\Source\Templates\gcc\startup_stm32f103xb.o
USART1_IRQHandler                                 Drivers\CMSIS\Device\ST\STM32F1xx\Source\Templates\gcc\startup_stm32f103xb.o
USART2_IRQHandler                                 Drivers\CMSIS\Device\ST\STM32F1xx\Source\Templates\gcc\startup_stm32f103xb.o
USART3_IRQHandler                                 Drivers\CMSIS\Device\ST\STM32F1xx\Source\Templates\gcc\startup_stm32f103xb.o
USBWakeUp_IRQHandler                              Drivers\CMSIS\Device\ST\STM32F1xx\Source\Templates\gcc\startup_stm32f103xb.o
USB_HP_CAN1_TX_IRQHandler                         Drivers\CMSIS\Device\ST\STM32F1xx\Source\Templates\gcc\startup_stm32f103xb.o
USB_LP_CAN1_RX0_IRQHandler                        Drivers\CMSIS\Device\ST\STM32F1xx\Source\Templates\gcc\startup_stm32f103xb.o
UsageFault_Handler                                Drivers\CMSIS\Device\ST\STM32F1xx\Source\Templates\gcc\startup_stm32f103xb.o
WWDG_IRQHandler                                   Drivers\CMSIS\Device\ST\STM32F1xx\Source\Templates\gcc\startup_stm32f103xb.o
__deregister_frame_info                           f:/program files/truestudio for arm 5.5.2/armtools/bin/../lib/gcc/arm-atollic-eabi/5.3.1/armv7-m/crtbegin.o
__dso_handle                                      f:/program files/truestudio for arm 5.5.2/armtools/bin/../lib/gcc/arm-atollic-eabi/5.3.1/armv7-m/crtbegin.o
__init_array_end                                  f:/program files/truestudio for arm 5.5.2/armtools/bin/../lib/gcc/arm-atollic-eabi/5.3.1/../../../../arm-atollic-eabi/lib/armv7-m\libc.a(lib_a-init.o)
__init_array_start                                f:/program files/truestudio for arm 5.5.2/armtools/bin/../lib/gcc/arm-atollic-eabi/5.3.1/../../../../arm-atollic-eabi/lib/armv7-m\libc.a(lib_a-init.o)
__libc_init_array                                 f:/program files/truestudio for arm 5.5.2/armtools/bin/../lib/gcc/arm-atollic-eabi/5.3.1/../../../../arm-atollic-eabi/lib/armv7-m\libc.a(lib_a-init.o)
                                                  Drivers\CMSIS\Device\ST\STM32F1xx\Source\Templates\gcc\startup_stm32f103xb.o
__preinit_array_end                               f:/program files/truestudio for arm 5.5.2/armtools/bin/../lib/gcc/arm-atollic-eabi/5.3.1/../../../../arm-atollic-eabi/lib/armv7-m\libc.a(lib_a-init.o)
__preinit_array_start                             f:/program files/truestudio for arm 5.5.2/armtools/bin/../lib/gcc/arm-atollic-eabi/5.3.1/../../../../arm-atollic-eabi/lib/armv7-m\libc.a(lib_a-init.o)
__register_frame_info                             f:/program files/truestudio for arm 5.5.2/armtools/bin/../lib/gcc/arm-atollic-eabi/5.3.1/armv7-m/crtbegin.o
_ebss                                             Drivers\CMSIS\Device\ST\STM32F1xx\Source\Templates\gcc\startup_stm32f103xb.o
_edata                                            Drivers\CMSIS\Device\ST\STM32F1xx\Source\Templates\gcc\startup_stm32f103xb.o
_estack                                           Drivers\CMSIS\Device\ST\STM32F1xx\Source\Templates\gcc\startup_stm32f103xb.o
_fini                                             f:/program files/truestudio for arm 5.5.2/armtools/bin/../lib/gcc/arm-atollic-eabi/5.3.1/armv7-m/crti.o
_init                                             f:/program files/truestudio for arm 5.5.2/armtools/bin/../lib/gcc/arm-atollic-eabi/5.3.1/armv7-m/crti.o
                                                  f:/program files/truestudio for arm 5.5.2/armtools/bin/../lib/gcc/arm-atollic-eabi/5.3.1/../../../../arm-atollic-eabi/lib/armv7-m\libc.a(lib_a-init.o)
_sbss                                             Drivers\CMSIS\Device\ST\STM32F1xx\Source\Templates\gcc\startup_stm32f103xb.o
_sdata                                            Drivers\CMSIS\Device\ST\STM32F1xx\Source\Templates\gcc\startup_stm32f103xb.o
_sidata                                           Drivers\CMSIS\Device\ST\STM32F1xx\Source\Templates\gcc\startup_stm32f103xb.o
ch                                                Src\main.o
char_counter                                      Src\main.o
char_counter_tmp                                  Src\main.o
comm_1                                            Src\main.o
comm_2                                            Src\main.o
comm_3                                            Src\main.o
comm_4                                            Src\main.o
comm_5                                            Src\main.o
comm_6                                            Src\main.o
flag_x                                            Src\main.o
g_pfnVectors                                      Drivers\CMSIS\Device\ST\STM32F1xx\Source\Templates\gcc\startup_stm32f103xb.o
huart1                                            Src\main.o
huart3                                            Src\main.o
init_devs                                         Src\main.o
main                                              Src\main.o
                                                  Drivers\CMSIS\Device\ST\STM32F1xx\Source\Templates\gcc\startup_stm32f103xb.o
maincall_x                                        Src\main.o
pFlash                                            Drivers\STM32F1xx_HAL_Driver\Src\stm32f1xx_hal_flash.o
                                                  Drivers\STM32F1xx_HAL_Driver\Src\stm32f1xx_hal_flash_ex.o
scan_for_dots                                     Src\main.o
st1                                               Src\main.o
st2                                               Src\main.o
x_text                                            Src\main.o
